Archive member included because of file (symbol)

./../Platform/BSP/debug/libBSP_efm32_debug.a(BSP_LED.o)
                              C:/Users/BAS/XDK-Workspace/httpbin/debug/objects/source/SystemStartup.o (BSP_LED_Connect)
./../Platform/BSP/debug/libBSP_efm32_debug.a(BSP_Board.o)
                              C:/Users/BAS/XDK-Workspace/httpbin/debug/objects/source/SystemStartup.o (BSP_Board_OSTickInitialize)
./../Platform/BSP/debug/libBSP_efm32_debug.a(BSP_USB.o)
                              ./../Platform/BSP/debug/libBSP_efm32_debug.a(BSP_Board.o) (USB_init)
./../Platform/BSP/debug/libBSP_efm32_debug.a(BSP_DMA.o)
                              ./../Platform/BSP/debug/libBSP_efm32_debug.a(BSP_Board.o) (BSP_DMA_Initialize)
./../Platform/BSP/debug/libBSP_efm32_debug.a(BSP_IrqHandler.o)
                              ./../Platform/BSP/debug/libBSP_efm32_debug.a(BSP_Board.o) (IrqHandler_SysTickDummyHandler)
./../Platform/BSP/debug/libBSP_efm32_debug.a(BSP_ExtensionPort.o)
                              ./../Platform/BSP/debug/libBSP_efm32_debug.a(BSP_IrqHandler.o) (BSP_ExtensionPort_I2cIsr)
./../Platform/BSP/debug/libBSP_efm32_debug.a(BSP_WiFi_cc3100mod.o)
                              ./../Platform/BSP/debug/libBSP_efm32_debug.a(BSP_IrqHandler.o) (WiFi_CC3100MOD_SPIRxISR)
./../Platform/BSP/debug/libBSP_efm32_debug.a(BSP_BT_EM9301.o)
                              ./../Platform/BSP/debug/libBSP_efm32_debug.a(BSP_IrqHandler.o) (BT_EM9301_UART_TxISR)
./../Platform/BSP/debug/libBSP_efm32_debug.a(BSP_SensorNode.o)
                              ./../Platform/BSP/debug/libBSP_efm32_debug.a(BSP_IrqHandler.o) (SensorNode_I2CISR)
./../Platform/BSP/debug/libBSP_efm32_debug.a(BSP_SDCard.o)
                              ./../Platform/BSP/debug/libBSP_efm32_debug.a(BSP_IrqHandler.o) (SDCard_SPIRxISR)
./../Libraries/FreeRTOS/debug/libFreeRTOS_efm32_debug.a(tasks.o)
                              C:/Users/BAS/XDK-Workspace/httpbin/debug/objects/Main.o (vTaskStartScheduler)
./../Libraries/FreeRTOS/debug/libFreeRTOS_efm32_debug.a(timers.o)
                              ./../Libraries/FreeRTOS/debug/libFreeRTOS_efm32_debug.a(tasks.o) (xTimerCreateTimerTask)
./../Libraries/FreeRTOS/debug/libFreeRTOS_efm32_debug.a(heap_4.o)
                              ./../Libraries/FreeRTOS/debug/libFreeRTOS_efm32_debug.a(tasks.o) (pvPortMalloc)
./../Libraries/FreeRTOS/debug/libFreeRTOS_efm32_debug.a(port.o)
                              ./../Libraries/FreeRTOS/debug/libFreeRTOS_efm32_debug.a(tasks.o) (pxPortInitialiseStack)
./../Libraries/FreeRTOS/debug/libFreeRTOS_efm32_debug.a(list.o)
                              ./../Libraries/FreeRTOS/debug/libFreeRTOS_efm32_debug.a(tasks.o) (vListInitialise)
./../Libraries/FreeRTOS/debug/libFreeRTOS_efm32_debug.a(queue.o)
                              ./../Libraries/FreeRTOS/debug/libFreeRTOS_efm32_debug.a(timers.o) (xQueueGenericCreate)
./../Libraries/EMlib/debug/libEMLib_efm32_debug.a(em_adc.o)
                              ./../Platform/BSP/debug/libBSP_efm32_debug.a(BSP_Board.o) (ADC_Init)
./../Libraries/EMlib/debug/libEMLib_efm32_debug.a(em_cmu.o)
                              ./../Platform/BSP/debug/libBSP_efm32_debug.a(BSP_Board.o) (CMU_ClockDivSet)
./../Libraries/EMlib/debug/libEMLib_efm32_debug.a(em_msc.o)
                              ./../Platform/BSP/debug/libBSP_efm32_debug.a(BSP_Board.o) (MSC_Init)
./../Libraries/EMlib/debug/libEMLib_efm32_debug.a(em_dma.o)
                              ./../Platform/BSP/debug/libBSP_efm32_debug.a(BSP_DMA.o) (DMA_Reset)
./../Libraries/EMlib/debug/libEMLib_efm32_debug.a(em_emu.o)
                              ./../Libraries/EMlib/debug/libEMLib_efm32_debug.a(em_cmu.o) (EMU_UpdateOscConfig)
./../Libraries/EMlib/debug/libEMLib_efm32_debug.a(em_gpio.o)
                              ./../Platform/BSP/debug/libBSP_efm32_debug.a(BSP_Board.o) (GPIO_DriveModeSet)
./../Libraries/EMlib/debug/libEMLib_efm32_debug.a(em_int.o)
                              C:/Users/BAS/XDK-Workspace/httpbin/debug/objects/./../Libraries/EMlib/3rd-party/EMLib/usb/src/em_usbdint.o (INT_LockCnt)
./../Libraries/EMlib/debug/libEMLib_efm32_debug.a(em_i2c.o)
                              ./../Platform/BSP/debug/libBSP_efm32_debug.a(BSP_ExtensionPort.o) (I2C_Enable)
./../Libraries/EMlib/debug/libEMLib_efm32_debug.a(em_usart.o)
                              ./../Platform/BSP/debug/libBSP_efm32_debug.a(BSP_Board.o) (USART_BaudrateSyncSet)
./../Libraries/EMlib/debug/libEMLib_efm32_debug.a(em_system.o)
                              ./../Platform/BSP/debug/libBSP_efm32_debug.a(BSP_Board.o) (SYSTEM_ChipRevisionGet)
./../Libraries/EMlib/debug/libEMLib_efm32_debug.a(em_usbd.o)
                              C:/Users/BAS/XDK-Workspace/httpbin/debug/objects/./../Libraries/EMlib/3rd-party/EMLib/usb/src/em_usbdint.o (dev)
./../Libraries/EMlib/debug/libEMLib_efm32_debug.a(em_usbhal.o)
[...]
Memory Configuration

Name             Origin             Length             Attributes
FLASH            0x00020200         0x000dfe00         xr
RAM              0x20000000         0x00020000         xrw
*default*        0x00000000         0xffffffff

Linker script and memory map

LOAD c:/xdk-workbench/xdk/armgcc/bin/../lib/gcc/arm-none-eabi/4.7.4/armv7-m/crti.o
LOAD c:/xdk-workbench/xdk/armgcc/bin/../lib/gcc/arm-none-eabi/4.7.4/armv7-m/crtbegin.o
LOAD c:/xdk-workbench/xdk/armgcc/bin/../lib/gcc/arm-none-eabi/4.7.4/../../../../arm-none-eabi/lib/armv7-m/crt0.o
LOAD C:/Users/BAS/XDK-Workspace/httpbin/debug/objects/source/Assert.o
LOAD C:/Users/BAS/XDK-Workspace/httpbin/debug/objects/source/RetargetStdio.o
LOAD C:/Users/BAS/XDK-Workspace/httpbin/debug/objects/source/BleDeviceInfoService.o
LOAD C:/Users/BAS/XDK-Workspace/httpbin/debug/objects/source/cJSON.o
LOAD C:/Users/BAS/XDK-Workspace/httpbin/debug/objects/source/UsbResetUtility.o
LOAD C:/Users/BAS/XDK-Workspace/httpbin/debug/objects/source/SensorHandle.o
LOAD C:/Users/BAS/XDK-Workspace/httpbin/debug/objects/source/SystemStartup.o
LOAD C:/Users/BAS/XDK-Workspace/httpbin/debug/objects/source/XdkVersion.o
LOAD C:/Users/BAS/XDK-Workspace/httpbin/debug/objects/legacy/source/ServalPAL_WiFi.o
LOAD C:/Users/BAS/XDK-Workspace/httpbin/debug/objects/./../Libraries/EMlib/3rd-party/EMLib/usb/src/em_usbdint.o
LOAD C:/Users/BAS/XDK-Workspace/httpbin/debug/objects/Main.o
LOAD C:/Users/BAS/XDK-Workspace/httpbin/debug/objects/httpbin.o
LOAD C:/Users/BAS/XDK-Workspace/httpbin/debug/objects/startup_efm32gg.o
START GROUP
LOAD ./../Platform/SensorUtils/debug/libSensorUtils_efm32_debug.a
LOAD ./../Platform/Sensors/debug/libSensors_efm32_debug.a
LOAD ./../Platform/BSP/debug/libBSP_efm32_debug.a
LOAD ./../Libraries/FreeRTOS/debug/libFreeRTOS_efm32_debug.a
LOAD ./../Libraries/EMlib/debug/libEMLib_efm32_debug.a
LOAD ./../Libraries/BSTLib/debug/libBSTLib_efm32_debug.a
LOAD ./../Libraries/WiFi/debug/libWiFi_efm32_debug.a
LOAD ./../Libraries/FATfs/debug/libFATfs_efm32_debug.a
LOAD ./../Platform/Essentials/release/libEssentials_efm32.a
LOAD ./../Platform/Utils/release/libUtils_efm32.a
LOAD ./../Platform/Drivers/release/libDrivers_efm32.a
LOAD ./../Platform/FOTA/release/libFOTA_efm32.a
LOAD ./../Platform/Wlan/release/libWlan_efm32.a
LOAD ./../Platform/BLE/release/libBLE_efm32.a
LOAD ./../Platform/SensorToolbox/release/libSensorToolbox_efm32.a
LOAD ./../Libraries/BLEStack/3rd-party/Alpwise/ALPW-BLESDKCM3/BLESW_AlertNotification/Libraries/BLESW_ANP_Server_CM3.a
LOAD ./../Libraries/BLEStack/3rd-party/Alpwise/ALPW-BLESDKCM3/BLESW_AlertNotification/Libraries/BLESW_ANP_Client_CM3.a
LOAD ./../Libraries/BLEStack/3rd-party/Alpwise/ALPW-BLESDKCM3/BLESW_ALPWDataExchange/Libraries/BLESW_ALPWDEP_Server_CM3.a
LOAD ./../Libraries/BLEStack/3rd-party/Alpwise/ALPW-BLESDKCM3/BLESW_ALPWDataExchange/Libraries/BLESW_ALPWDEP_Client_CM3.a
LOAD ./../Libraries/BLEStack/3rd-party/Alpwise/ALPW-BLESDKCM3/BLESW_AppleNotificationCenter/Libraries/BLESW_ANCP_Consumer_CM3.a
LOAD ./../Libraries/BLEStack/3rd-party/Alpwise/ALPW-BLESDKCM3/BLESW_BloodPressure/Libraries/BLESW_BLP_Sensor_CM3.a
LOAD ./../Libraries/BLEStack/3rd-party/Alpwise/ALPW-BLESDKCM3/BLESW_BloodPressure/Libraries/BLESW_BLP_Collector_CM3.a
LOAD ./../Libraries/BLEStack/3rd-party/Alpwise/ALPW-BLESDKCM3/BLESW_CoreStack/Libraries/BLESW_CPS_CM3.a
LOAD ./../Libraries/BLEStack/3rd-party/Alpwise/ALPW-BLESDKCM3/BLESW_CoreStack/Libraries/BLESW_CoreStack_CM3.a
LOAD ./../Libraries/BLEStack/3rd-party/Alpwise/ALPW-BLESDKCM3/BLESW_CoreStack/Libraries/BLESW_CSCS_CM3.a
LOAD ./../Libraries/BLEStack/3rd-party/Alpwise/ALPW-BLESDKCM3/BLESW_CoreStack/Libraries/BLESW_RTUS_CM3.a
LOAD ./../Libraries/BLEStack/3rd-party/Alpwise/ALPW-BLESDKCM3/BLESW_CoreStack/Libraries/BLESW_HRS_CM3.a
LOAD ./../Libraries/BLEStack/3rd-party/Alpwise/ALPW-BLESDKCM3/BLESW_CoreStack/Libraries/BLESW_CTS_CM3.a
LOAD ./../Libraries/BLEStack/3rd-party/Alpwise/ALPW-BLESDKCM3/BLESW_CoreStack/Libraries/BLESW_CoreStack_Monitor_CM3.a
LOAD ./../Libraries/BLEStack/3rd-party/Alpwise/ALPW-BLESDKCM3/BLESW_CoreStack/Libraries/BLESW_UDS_CM3.a
LOAD ./../Libraries/BLEStack/3rd-party/Alpwise/ALPW-BLESDKCM3/BLESW_CoreStack/Libraries/BLESW_NDCS_CM3.a
LOAD ./../Libraries/BLEStack/3rd-party/Alpwise/ALPW-BLESDKCM3/BLESW_CoreStack/Libraries/BLESW_TPS_CM3.a
LOAD ./../Libraries/BLEStack/3rd-party/Alpwise/ALPW-BLESDKCM3/BLESW_CoreStack/Libraries/BLESW_BLS_CM3.a
LOAD ./../Libraries/BLEStack/3rd-party/Alpwise/ALPW-BLESDKCM3/BLESW_CoreStack/Libraries/BLESW_LNS_CM3.a
LOAD ./../Libraries/BLEStack/3rd-party/Alpwise/ALPW-BLESDKCM3/BLESW_CoreStack/Libraries/BLESW_LLS_CM3.a
LOAD ./../Libraries/BLEStack/3rd-party/Alpwise/ALPW-BLESDKCM3/BLESW_CoreStack/Libraries/BLESW_WSS_CM3.a
LOAD ./../Libraries/BLEStack/3rd-party/Alpwise/ALPW-BLESDKCM3/BLESW_CoreStack/Libraries/BLESW_RSCS_CM3.a
LOAD ./../Libraries/BLEStack/3rd-party/Alpwise/ALPW-BLESDKCM3/BLESW_CoreStack/Libraries/BLESW_BAS_CM3.a
LOAD ./../Libraries/BLEStack/3rd-party/Alpwise/ALPW-BLESDKCM3/BLESW_CoreStack/Libraries/BLESW_IAS_CM3.a
LOAD ./../Libraries/BLEStack/3rd-party/Alpwise/ALPW-BLESDKCM3/BLESW_CoreStack/Libraries/BLESW_PASS_CM3.a
LOAD ./../Libraries/BLEStack/3rd-party/Alpwise/ALPW-BLESDKCM3/BLESW_CoreStack/Libraries/BLESW_HTS_CM3.a
LOAD ./../Libraries/BLEStack/3rd-party/Alpwise/ALPW-BLESDKCM3/BLESW_CoreStack/Libraries/BLESW_ALPWDES_CM3.a
LOAD ./../Libraries/BLEStack/3rd-party/Alpwise/ALPW-BLESDKCM3/BLESW_CoreStack/Libraries/BLESW_BCS_CM3.a
LOAD ./../Libraries/BLEStack/3rd-party/Alpwise/ALPW-BLESDKCM3/BLESW_CoreStack/Libraries/BLESW_ANS_CM3.a
LOAD ./../Libraries/BLEStack/3rd-party/Alpwise/ALPW-BLESDKCM3/BLESW_CoreStack/Libraries/BLESW_HIDS_CM3.a
LOAD ./../Libraries/BLEStack/3rd-party/Alpwise/ALPW-BLESDKCM3/BLESW_CoreStack/Libraries/BLESW_GLS_CM3.a
LOAD ./../Libraries/BLEStack/3rd-party/Alpwise/ALPW-BLESDKCM3/BLESW_CoreStack/Libraries/BLESW_NWAS_CM3.a
LOAD ./../Libraries/BLEStack/3rd-party/Alpwise/ALPW-BLESDKCM3/BLESW_CoreStack/Libraries/BLESW_DIS_CM3.a
LOAD ./../Libraries/BLEStack/3rd-party/Alpwise/ALPW-BLESDKCM3/BLESW_CyclingPower/Libraries/BLESW_CPP_Sensor_CM3.a
LOAD ./../Libraries/BLEStack/3rd-party/Alpwise/ALPW-BLESDKCM3/BLESW_CyclingPower/Libraries/BLESW_CPP_Collector_CM3.a
LOAD ./../Libraries/BLEStack/3rd-party/Alpwise/ALPW-BLESDKCM3/BLESW_CyclingSpeedAndCadence/Libraries/BLESW_CSCP_Sensor_CM3.a
LOAD ./../Libraries/BLEStack/3rd-party/Alpwise/ALPW-BLESDKCM3/BLESW_CyclingSpeedAndCadence/Libraries/BLESW_CSCP_Collector_CM3.a
LOAD ./../Libraries/BLEStack/3rd-party/Alpwise/ALPW-BLESDKCM3/BLESW_FindMe/Libraries/BLESW_FMP_Target_CM3.a
LOAD ./../Libraries/BLEStack/3rd-party/Alpwise/ALPW-BLESDKCM3/BLESW_FindMe/Libraries/BLESW_FMP_Locator_CM3.a
LOAD ./../Libraries/BLEStack/3rd-party/Alpwise/ALPW-BLESDKCM3/BLESW_Glucose/Libraries/BLESW_GLP_Sensor_CM3.a
LOAD ./../Libraries/BLEStack/3rd-party/Alpwise/ALPW-BLESDKCM3/BLESW_Glucose/Libraries/BLESW_GLP_Collector_CM3.a
LOAD ./../Libraries/BLEStack/3rd-party/Alpwise/ALPW-BLESDKCM3/BLESW_HealthThermometer/Libraries/BLESW_HTP_Thermometer_CM3.a
LOAD ./../Libraries/BLEStack/3rd-party/Alpwise/ALPW-BLESDKCM3/BLESW_HealthThermometer/Libraries/BLESW_HTP_Collector_CM3.a
LOAD ./../Libraries/BLEStack/3rd-party/Alpwise/ALPW-BLESDKCM3/BLESW_HeartRate/Libraries/BLESW_HRP_Sensor_CM3.a
LOAD ./../Libraries/BLEStack/3rd-party/Alpwise/ALPW-BLESDKCM3/BLESW_HeartRate/Libraries/BLESW_HRP_Collector_CM3.a
LOAD ./../Libraries/BLEStack/3rd-party/Alpwise/ALPW-BLESDKCM3/BLESW_HumanInterfaceDevice/Libraries/BLESW_HID_Device_CM3.a
LOAD ./../Libraries/BLEStack/3rd-party/Alpwise/ALPW-BLESDKCM3/BLESW_HumanInterfaceDevice/Libraries/BLESW_HID_Host_CM3.a
LOAD ./../Libraries/BLEStack/3rd-party/Alpwise/ALPW-BLESDKCM3/BLESW_iBeacon/Libraries/BLESW_IBN_Reporter_CM3.a
LOAD ./../Libraries/BLEStack/3rd-party/Alpwise/ALPW-BLESDKCM3/BLESW_LocationAndNavigation/Libraries/BLESW_LNP_Sensor_CM3.a
LOAD ./../Libraries/BLEStack/3rd-party/Alpwise/ALPW-BLESDKCM3/BLESW_LocationAndNavigation/Libraries/BLESW_LNP_Collector_CM3.a
LOAD ./../Libraries/BLEStack/3rd-party/Alpwise/ALPW-BLESDKCM3/BLESW_NetworkAvailability/Libraries/BLESW_NWAP_Monitor_CM3.a
LOAD ./../Libraries/BLEStack/3rd-party/Alpwise/ALPW-BLESDKCM3/BLESW_NetworkAvailability/Libraries/BLESW_NWAP_Reporter_CM3.a
LOAD ./../Libraries/BLEStack/3rd-party/Alpwise/ALPW-BLESDKCM3/BLESW_PhoneAlertStatus/Libraries/BLESW_PASP_Client_CM3.a
LOAD ./../Libraries/BLEStack/3rd-party/Alpwise/ALPW-BLESDKCM3/BLESW_PhoneAlertStatus/Libraries/BLESW_PASP_Server_CM3.a
LOAD ./../Libraries/BLEStack/3rd-party/Alpwise/ALPW-BLESDKCM3/BLESW_Proximity/Libraries/BLESW_PXP_Reporter_CM3.a
LOAD ./../Libraries/BLEStack/3rd-party/Alpwise/ALPW-BLESDKCM3/BLESW_Proximity/Libraries/BLESW_PXP_Monitor_CM3.a
LOAD ./../Libraries/BLEStack/3rd-party/Alpwise/ALPW-BLESDKCM3/BLESW_RunningSpeedAndCadence/Libraries/BLESW_RSCP_Sensor_CM3.a
LOAD ./../Libraries/BLEStack/3rd-party/Alpwise/ALPW-BLESDKCM3/BLESW_RunningSpeedAndCadence/Libraries/BLESW_RSCP_Collector_CM3.a
LOAD ./../Libraries/BLEStack/3rd-party/Alpwise/ALPW-BLESDKCM3/BLESW_Time/Libraries/BLESW_TIP_Server_CM3.a
LOAD ./../Libraries/BLEStack/3rd-party/Alpwise/ALPW-BLESDKCM3/BLESW_Time/Libraries/BLESW_TIP_Client_CM3.a
LOAD ./../Libraries/EMlib/3rd-party/EMLib/CMSIS/Lib/GCC/libarm_cortexM3l_math.a
LOAD ./../Libraries/BSX/BSX4/Source/algo/algo_bsx/Lib/libalgobsxm3/libalgobsx.a
LOAD ./../Platform/LoRaDrivers/release/libLoRaDrivers_efm32.a
LOAD ./../Platform/ServalPAL/release/libServalPal_efm32.a
LOAD ./../Libraries/Escrypt_CycurTLS/release/libEscrypt_CycurTLS_efm32.a
END GROUP
START GROUP
LOAD c:/xdk-workbench/xdk/armgcc/bin/../lib/gcc/arm-none-eabi/4.7.4/armv7-m\libgcc.a
LOAD c:/xdk-workbench/xdk/armgcc/bin/../lib/gcc/arm-none-eabi/4.7.4/../../../../arm-none-eabi/lib/armv7-m\libc.a
LOAD c:/xdk-workbench/xdk/armgcc/bin/../lib/gcc/arm-none-eabi/4.7.4/../../../../arm-none-eabi/lib/armv7-m\libm.a
END GROUP
START GROUP
LOAD c:/xdk-workbench/xdk/armgcc/bin/../lib/gcc/arm-none-eabi/4.7.4/armv7-m\libgcc.a
LOAD c:/xdk-workbench/xdk/armgcc/bin/../lib/gcc/arm-none-eabi/4.7.4/../../../../arm-none-eabi/lib/armv7-m\libc.a
END GROUP
LOAD c:/xdk-workbench/xdk/armgcc/bin/../lib/gcc/arm-none-eabi/4.7.4/armv7-m/crtend.o
LOAD c:/xdk-workbench/xdk/armgcc/bin/../lib/gcc/arm-none-eabi/4.7.4/armv7-m/crtn.o

.text           0x00020200    0x29eb4
 *(.isr_vector)
 .isr_vector    0x00020200      0x100 C:/Users/BAS/XDK-Workspace/httpbin/debug/objects/startup_efm32gg.o
                0x00020200                __isr_vector
 *(.text*)
 .text          0x00020300       0x54 c:/xdk-workbench/xdk/armgcc/bin/../lib/gcc/arm-none-eabi/4.7.4/armv7-m/crtbegin.o
 .text          0x00020354       0x70 c:/xdk-workbench/xdk/armgcc/bin/../lib/gcc/arm-none-eabi/4.7.4/../../../../arm-none-eabi/lib/armv7-m/crt0.o
                0x00020354                _start
                0x00020354                start
                0x00020354                _mainCRTStartup
 .text.Assert_Initialize
                0x000203c4       0x40 C:/Users/BAS/XDK-Workspace/httpbin/debug/objects/source/Assert.o
                0x000203c4                Assert_Initialize
 .text.Assert_Dynamic
                0x00020404       0x2c C:/Users/BAS/XDK-Workspace/httpbin/debug/objects/source/Assert.o
                0x00020404                Assert_Dynamic
 .text._close   0x00020430       0x18 C:/Users/BAS/XDK-Workspace/httpbin/debug/objects/source/RetargetStdio.o
                0x00020430                _close
 .text._exit    0x00020448        0xc C:/Users/BAS/XDK-Workspace/httpbin/debug/objects/source/RetargetStdio.o
                0x00020448                _exit
 .text._fstat   0x00020454       0x24 C:/Users/BAS/XDK-Workspace/httpbin/debug/objects/source/RetargetStdio.o
                0x00020454                _fstat
 .text._isatty  0x00020478       0x18 C:/Users/BAS/XDK-Workspace/httpbin/debug/objects/source/RetargetStdio.o
                0x00020478                _isatty
 .text._lseek   0x00020490       0x1c C:/Users/BAS/XDK-Workspace/httpbin/debug/objects/source/RetargetStdio.o
                0x00020490                _lseek
 .text._read    0x000204ac       0x70 C:/Users/BAS/XDK-Workspace/httpbin/debug/objects/source/RetargetStdio.o
                0x000204ac                _read
 .text._sbrk    0x0002051c       0xa0 C:/Users/BAS/XDK-Workspace/httpbin/debug/objects/source/RetargetStdio.o
                0x0002051c                _sbrk
 .text._write   0x000205bc       0x20 C:/Users/BAS/XDK-Workspace/httpbin/debug/objects/source/RetargetStdio.o
                0x000205bc                _write
 .text.NVIC_SystemReset
                0x000205dc       0x30 C:/Users/BAS/XDK-Workspace/httpbin/debug/objects/source/UsbResetUtility.o
 .text.UsbResetUtility_SystemReset
                0x0002060c       0x10 C:/Users/BAS/XDK-Workspace/httpbin/debug/objects/source/UsbResetUtility.o
 .text.UsbResetUtility_InteruptHandling
                0x0002061c       0x54 C:/Users/BAS/XDK-Workspace/httpbin/debug/objects/source/UsbResetUtility.o
 .text.UsbResetUtility_Init
                0x00020670       0x40 C:/Users/BAS/XDK-Workspace/httpbin/debug/objects/source/UsbResetUtility.o
                0x00020670                UsbResetUtility_Init
 .text.UsbResetUtility_UsbISRCallback
                0x000206b0      0x138 C:/Users/BAS/XDK-Workspace/httpbin/debug/objects/source/UsbResetUtility.o
                0x000206b0                UsbResetUtility_UsbISRCallback
 .text.Retcode_GetPackage
                0x000207e8       0x1c C:/Users/BAS/XDK-Workspace/httpbin/debug/objects/source/SystemStartup.o
 .text.Retcode_GetModuleId
                0x00020804       0x1c C:/Users/BAS/XDK-Workspace/httpbin/debug/objects/source/SystemStartup.o
 .text.Retcode_GetSeverity
                0x00020820       0x24 C:/Users/BAS/XDK-Workspace/httpbin/debug/objects/source/SystemStartup.o
 .text.Retcode_GetCode
                0x00020844       0x20 C:/Users/BAS/XDK-Workspace/httpbin/debug/objects/source/SystemStartup.o
 .text.bleGetMacAddress
                0x00020864       0xec C:/Users/BAS/XDK-Workspace/httpbin/debug/objects/source/SystemStartup.o
 .text.SysTickPreCallback
                0x00020950       0x14 C:/Users/BAS/XDK-Workspace/httpbin/debug/objects/source/SystemStartup.o
 .text.DefaultErrorHandlingFunc
                0x00020964       0xf4 C:/Users/BAS/XDK-Workspace/httpbin/debug/objects/source/SystemStartup.o
                0x00020964                DefaultErrorHandlingFunc
 .text.assertIndicationMapping
                0x00020a58       0x44 C:/Users/BAS/XDK-Workspace/httpbin/debug/objects/source/SystemStartup.o
                0x00020a58                assertIndicationMapping
 .text.systemStartup
                0x00020a9c      0x154 C:/Users/BAS/XDK-Workspace/httpbin/debug/objects/source/SystemStartup.o
                0x00020a9c                systemStartup
 .text.vApplicationStackOverflowHook
                0x00020bf0       0x5c C:/Users/BAS/XDK-Workspace/httpbin/debug/objects/source/SystemStartup.o
                0x00020bf0                vApplicationStackOverflowHook
 .text.vApplicationMallocFailedHook
                0x00020c4c       0x14 C:/Users/BAS/XDK-Workspace/httpbin/debug/objects/source/SystemStartup.o
                0x00020c4c                vApplicationMallocFailedHook
 .text.ServalPalSetup
                0x00020c60       0x50 C:/Users/BAS/XDK-Workspace/httpbin/debug/objects/legacy/source/ServalPAL_WiFi.o
 .text.PAL_initialize
                0x00020cb0       0x30 C:/Users/BAS/XDK-Workspace/httpbin/debug/objects/legacy/source/ServalPAL_WiFi.o
                0x00020cb0                PAL_initialize
 .text.PAL_getIpaddress
                0x00020ce0       0x40 C:/Users/BAS/XDK-Workspace/httpbin/debug/objects/legacy/source/ServalPAL_WiFi.o
                0x00020ce0                PAL_getIpaddress
 .text.PAL_socketMonitorInit
                0x00020d20       0x48 C:/Users/BAS/XDK-Workspace/httpbin/debug/objects/legacy/source/ServalPAL_WiFi.o
                0x00020d20                PAL_socketMonitorInit
 .text.INT_Disable
                0x00020d68       0x40 C:/Users/BAS/XDK-Workspace/httpbin/debug/objects/./../Libraries/EMlib/3rd-party/EMLib/usb/src/em_usbdint.o
 .text.INT_Enable
                0x00020da8       0x54 C:/Users/BAS/XDK-Workspace/httpbin/debug/objects/./../Libraries/EMlib/3rd-party/EMLib/usb/src/em_usbdint.o
 .text.USBHAL_FlushTxFifo
                0x00020dfc       0x4c C:/Users/BAS/XDK-Workspace/httpbin/debug/objects/./../Libraries/EMlib/3rd-party/EMLib/usb/src/em_usbdint.o
 .text.USBHAL_GetCoreInts
                0x00020e48       0x40 C:/Users/BAS/XDK-Workspace/httpbin/debug/objects/./../Libraries/EMlib/3rd-party/EMLib/usb/src/em_usbdint.o
 .text.USBDHAL_EnableInts
                0x00020e88       0x70 C:/Users/BAS/XDK-Workspace/httpbin/debug/objects/./../Libraries/EMlib/3rd-party/EMLib/usb/src/em_usbdint.o
 .text.USBDHAL_Ep0Activate
                0x00020ef8       0x70 C:/Users/BAS/XDK-Workspace/httpbin/debug/objects/./../Libraries/EMlib/3rd-party/EMLib/usb/src/em_usbdint.o
 .text.USBDHAL_GetAllInEpInts
                0x00020f68       0x48 C:/Users/BAS/XDK-Workspace/httpbin/debug/objects/./../Libraries/EMlib/3rd-party/EMLib/usb/src/em_usbdint.o
 .text.USBDHAL_GetAllOutEpInts
                0x00020fb0       0x44 C:/Users/BAS/XDK-Workspace/httpbin/debug/objects/./../Libraries/EMlib/3rd-party/EMLib/usb/src/em_usbdint.o
 .text.USBDHAL_GetInEpInts
                0x00020ff4       0x44 C:/Users/BAS/XDK-Workspace/httpbin/debug/objects/./../Libraries/EMlib/3rd-party/EMLib/usb/src/em_usbdint.o
 .text.USBDHAL_GetOutEpInts
                0x00021038       0x44 C:/Users/BAS/XDK-Workspace/httpbin/debug/objects/./../Libraries/EMlib/3rd-party/EMLib/usb/src/em_usbdint.o
 .text.USBDHAL_StartEp0Setup
                0x0002107c       0x88 C:/Users/BAS/XDK-Workspace/httpbin/debug/objects/./../Libraries/EMlib/3rd-party/EMLib/usb/src/em_usbdint.o
 .text.USBD_GetEpFromAddr
                0x00021104       0xa0 C:/Users/BAS/XDK-Workspace/httpbin/debug/objects/./../Libraries/EMlib/3rd-party/EMLib/usb/src/em_usbdint.o
 .text.USB_IRQHandler
                0x000211a4      0x16c C:/Users/BAS/XDK-Workspace/httpbin/debug/objects/./../Libraries/EMlib/3rd-party/EMLib/usb/src/em_usbdint.o
                0x000211a4                USB_IRQHandler
 .text.Handle_USB_GINTSTS_ENUMDONE
                0x00021310       0x3c C:/Users/BAS/XDK-Workspace/httpbin/debug/objects/./../Libraries/EMlib/3rd-party/EMLib/usb/src/em_usbdint.o
 .text.Handle_USB_GINTSTS_IEPINT
                0x0002134c      0x118 C:/Users/BAS/XDK-Workspace/httpbin/debug/objects/./../Libraries/EMlib/3rd-party/EMLib/usb/src/em_usbdint.o
 .text.Handle_USB_GINTSTS_OEPINT
                0x00021464      0x230 C:/Users/BAS/XDK-Workspace/httpbin/debug/objects/./../Libraries/EMlib/3rd-party/EMLib/usb/src/em_usbdint.o
 .text.Handle_USB_GINTSTS_RESETDET
                0x00021694       0x40 C:/Users/BAS/XDK-Workspace/httpbin/debug/objects/./../Libraries/EMlib/3rd-party/EMLib/usb/src/em_usbdint.o
 .text.Handle_USB_GINTSTS_SOF
                0x000216d4       0x64 C:/Users/BAS/XDK-Workspace/httpbin/debug/objects/./../Libraries/EMlib/3rd-party/EMLib/usb/src/em_usbdint.o
 .text.Handle_USB_GINTSTS_USBRST
                0x00021738      0x150 C:/Users/BAS/XDK-Workspace/httpbin/debug/objects/./../Libraries/EMlib/3rd-party/EMLib/usb/src/em_usbdint.o
 .text.Handle_USB_GINTSTS_USBSUSP
                0x00021888       0x68 C:/Users/BAS/XDK-Workspace/httpbin/debug/objects/./../Libraries/EMlib/3rd-party/EMLib/usb/src/em_usbdint.o
 .text.Handle_USB_GINTSTS_WKUPINT
                0x000218f0       0x30 C:/Users/BAS/XDK-Workspace/httpbin/debug/objects/./../Libraries/EMlib/3rd-party/EMLib/usb/src/em_usbdint.o
 .text.main     0x00021920       0xa8 C:/Users/BAS/XDK-Workspace/httpbin/debug/objects/Main.o
                0x00021920                main
 .text.Callable_assign
                0x000219c8       0x20 C:/Users/BAS/XDK-Workspace/httpbin/debug/objects/httpbin.o
 .text.onHTTPRequestSent
                0x000219e8       0x2c C:/Users/BAS/XDK-Workspace/httpbin/debug/objects/httpbin.o
 .text.onHTTPResponseReceived
                0x00021a14       0xf8 C:/Users/BAS/XDK-Workspace/httpbin/debug/objects/httpbin.o
 .text.appInitSystem
                0x00021b0c       0xfc C:/Users/BAS/XDK-Workspace/httpbin/debug/objects/httpbin.o
                0x00021b0c                appInitSystem
 .text          0x00021c08       0x98 C:/Users/BAS/XDK-Workspace/httpbin/debug/objects/startup_efm32gg.o
                0x00021c08                Reset_Handler
                0x00021c3c                Default_Handler
                0x00021c3e                NMI_Handler
                0x00021c40                HardFault_Handler
                0x00021c42                MemManage_Handler
                0x00021c44                BusFault_Handler
                0x00021c46                UsageFault_Handler
                0x00021c4a                DebugMon_Handler
                0x00021c54                TIMER0_IRQHandler
                0x00021c5a                ACMP0_IRQHandler
                0x00021c5e                ADC0_IRQHandler
                0x00021c60                DAC0_IRQHandler
                0x00021c68                TIMER1_IRQHandler
                0x00021c6a                TIMER2_IRQHandler
                0x00021c6c                TIMER3_IRQHandler
                0x00021c72                LESENSE_IRQHandler
                0x00021c80                LEUART0_IRQHandler
                0x00021c82                LEUART1_IRQHandler
                0x00021c84                LETIMER0_IRQHandler
                0x00021c86                PCNT0_IRQHandler
                0x00021c88                PCNT1_IRQHandler
                0x00021c8a                PCNT2_IRQHandler
                0x00021c8e                BURTC_IRQHandler
                0x00021c90                CMU_IRQHandler
                0x00021c92                VCMP_IRQHandler
                0x00021c94                LCD_IRQHandler
                0x00021c96                MSC_IRQHandler
                0x00021c98                AES_IRQHandler
                0x00021c9a                EBI_IRQHandler
                0x00021c9c                EMU_IRQHandler
 .text.GPIO_PinOutClear
                0x00021ca0       0x4c ./../Platform/BSP/debug/libBSP_efm32_debug.a(BSP_LED.o)
 .text.GPIO_PinOutSet
                0x00021cec       0x4c ./../Platform/BSP/debug/libBSP_efm32_debug.a(BSP_LED.o)
 .text.GPIO_PinOutToggle
                0x00021d38       0x4c ./../Platform/BSP/debug/libBSP_efm32_debug.a(BSP_LED.o)
 .text.BSP_LED_Connect
                0x00021d84       0x48 ./../Platform/BSP/debug/libBSP_efm32_debug.a(BSP_LED.o)
                0x00021d84                BSP_LED_Connect
 .text.BSP_LED_EnableAll
                0x00021dcc       0x3c ./../Platform/BSP/debug/libBSP_efm32_debug.a(BSP_LED.o)
                0x00021dcc                BSP_LED_EnableAll
 .text.BSP_LED_Switch
                0x00021e08      0x15c ./../Platform/BSP/debug/libBSP_efm32_debug.a(BSP_LED.o)
                0x00021e08                BSP_LED_Switch
 .text.BSP_LED_SwitchAll
                0x00021f64       0xd0 ./../Platform/BSP/debug/libBSP_efm32_debug.a(BSP_LED.o)
                0x00021f64                BSP_LED_SwitchAll
 .text.NVIC_SetPriorityGrouping
                0x00022034       0x50 ./../Platform/BSP/debug/libBSP_efm32_debug.a(BSP_Board.o)
 .text.NVIC_EnableIRQ
                0x00022084       0x38 ./../Platform/BSP/debug/libBSP_efm32_debug.a(BSP_Board.o)
 .text.NVIC_DisableIRQ
                0x000220bc       0x3c ./../Platform/BSP/debug/libBSP_efm32_debug.a(BSP_Board.o)
 .text.NVIC_ClearPendingIRQ
                0x000220f8       0x3c ./../Platform/BSP/debug/libBSP_efm32_debug.a(BSP_Board.o)
 .text.NVIC_SetPriority
                0x00022134       0x5c ./../Platform/BSP/debug/libBSP_efm32_debug.a(BSP_Board.o)
 .text.SysTick_Config
                0x00022190       0x64 ./../Platform/BSP/debug/libBSP_efm32_debug.a(BSP_Board.o)
 .text.CHIP_Init
                0x000221f4       0x50 ./../Platform/BSP/debug/libBSP_efm32_debug.a(BSP_Board.o)
 .text.GPIO_PinOutClear
                0x00022244       0x4c ./../Platform/BSP/debug/libBSP_efm32_debug.a(BSP_Board.o)
 .text.GPIO_PinOutSet
                0x00022290       0x4c ./../Platform/BSP/debug/libBSP_efm32_debug.a(BSP_Board.o)
 .text.INT_Disable
                0x000222dc       0x40 ./../Platform/BSP/debug/libBSP_efm32_debug.a(BSP_Board.o)
 .text.INT_Enable
                0x0002231c       0x54 ./../Platform/BSP/debug/libBSP_efm32_debug.a(BSP_Board.o)
 .text.BSP_Board_OSTickInitialize
                0x00022370       0x2c ./../Platform/BSP/debug/libBSP_efm32_debug.a(BSP_Board.o)
                0x00022370                BSP_Board_OSTickInitialize
 .text.BSP_Board_Initialize
                0x0002239c      0x150 ./../Platform/BSP/debug/libBSP_efm32_debug.a(BSP_Board.o)
                0x0002239c                BSP_Board_Initialize
 .text.BSP_Board_Delay
                0x000224ec       0x30 ./../Platform/BSP/debug/libBSP_efm32_debug.a(BSP_Board.o)
                0x000224ec                BSP_Board_Delay
 .text.BSP_Board_SetOStoBSPDelayFunc
                0x0002251c       0x20 ./../Platform/BSP/debug/libBSP_efm32_debug.a(BSP_Board.o)
                0x0002251c                BSP_Board_SetOStoBSPDelayFunc
 .text.Board_GPIOInterruptInit
                0x0002253c       0x30 ./../Platform/BSP/debug/libBSP_efm32_debug.a(BSP_Board.o)
                0x0002253c                Board_GPIOInterruptInit
 .text.Board_GPIOInterruptRegisterCallback
                0x0002256c       0x38 ./../Platform/BSP/debug/libBSP_efm32_debug.a(BSP_Board.o)
                0x0002256c                Board_GPIOInterruptRegisterCallback
 .text.Board_GPIOInterruptDispatch
                0x000225a4       0x64 ./../Platform/BSP/debug/libBSP_efm32_debug.a(BSP_Board.o)
                0x000225a4                Board_GPIOInterruptDispatch
 .text.Board_UART0_UART_Init
                0x00022608       0xcc ./../Platform/BSP/debug/libBSP_efm32_debug.a(BSP_Board.o)
                0x00022608                Board_UART0_UART_Init
 .text.Board_UART1_UART_Init
                0x000226d4       0xcc ./../Platform/BSP/debug/libBSP_efm32_debug.a(BSP_Board.o)
                0x000226d4                Board_UART1_UART_Init
 .text.Board_USART0_SPI_Init
                0x000227a0       0xa8 ./../Platform/BSP/debug/libBSP_efm32_debug.a(BSP_Board.o)
                0x000227a0                Board_USART0_SPI_Init
 .text.Board_USART1_SPI_Init
                0x00022848       0x8c ./../Platform/BSP/debug/libBSP_efm32_debug.a(BSP_Board.o)
                0x00022848                Board_USART1_SPI_Init
 .text.Board_GPIO_Init
                0x000228d4       0x6c ./../Platform/BSP/debug/libBSP_efm32_debug.a(BSP_Board.o)
                0x000228d4                Board_GPIO_Init
 .text.Board_WakeupPowerSupply2V5
                0x00022940       0x50 ./../Platform/BSP/debug/libBSP_efm32_debug.a(BSP_Board.o)
                0x00022940                Board_WakeupPowerSupply2V5
 .text.Board_SnoozePowerSupply2V5
                0x00022990       0x4c ./../Platform/BSP/debug/libBSP_efm32_debug.a(BSP_Board.o)
                0x00022990                Board_SnoozePowerSupply2V5
 .text.PowerSupply2V5UpdateRegister
                0x000229dc      0x268 ./../Platform/BSP/debug/libBSP_efm32_debug.a(BSP_Board.o)
                0x000229dc                PowerSupply2V5UpdateRegister
 .text.Board_ADC_Init
                0x00022c44       0x78 ./../Platform/BSP/debug/libBSP_efm32_debug.a(BSP_Board.o)
                0x00022c44                Board_ADC_Init
 .text.Board_I2C0_Init
                0x00022cbc       0x54 ./../Platform/BSP/debug/libBSP_efm32_debug.a(BSP_Board.o)
                0x00022cbc                Board_I2C0_Init
 .text.Board_I2C1_Init
                0x00022d10       0x54 ./../Platform/BSP/debug/libBSP_efm32_debug.a(BSP_Board.o)
                0x00022d10                Board_I2C1_Init
 .text.Board_USB_Init
                0x00022d64       0x70 ./../Platform/BSP/debug/libBSP_efm32_debug.a(BSP_Board.o)
                0x00022d64                Board_USB_Init
 .text.Board_IncTick
                0x00022dd4       0x24 ./../Platform/BSP/debug/libBSP_efm32_debug.a(BSP_Board.o)
                0x00022dd4                Board_IncTick
 .text.Board_GetTick
                0x00022df8       0x18 ./../Platform/BSP/debug/libBSP_efm32_debug.a(BSP_Board.o)
                0x00022df8                Board_GetTick
 .text.Board_Delay
                0x00022e10       0x30 ./../Platform/BSP/debug/libBSP_efm32_debug.a(BSP_Board.o)
                0x00022e10                Board_Delay
 .text.Board_RTC_Init
                0x00022e40       0xa0 ./../Platform/BSP/debug/libBSP_efm32_debug.a(BSP_Board.o)
                0x00022e40                Board_RTC_Init
 .text.Board_BURTC_Init
                0x00022ee0       0x28 ./../Platform/BSP/debug/libBSP_efm32_debug.a(BSP_Board.o)
                0x00022ee0                Board_BURTC_Init
 .text.BSP_Board_EnableSysTick
                0x00022f08       0x38 ./../Platform/BSP/debug/libBSP_efm32_debug.a(BSP_Board.o)
                0x00022f08                BSP_Board_EnableSysTick
 .text.USB_setSerialNumber
                0x00022f40       0x7c ./../Platform/BSP/debug/libBSP_efm32_debug.a(BSP_USB.o)
 .text.USB_dataReceivedCallback
                0x00022fbc       0x98 ./../Platform/BSP/debug/libBSP_efm32_debug.a(BSP_USB.o)
 .text.USB_dataTransferred
                0x00023054       0x4c ./../Platform/BSP/debug/libBSP_efm32_debug.a(BSP_USB.o)
 .text.USB_stateChange
                0x000230a0       0x58 ./../Platform/BSP/debug/libBSP_efm32_debug.a(BSP_USB.o)
                0x000230a0                USB_stateChange
 .text.USB_setupCommand
                0x000230f8      0x108 ./../Platform/BSP/debug/libBSP_efm32_debug.a(BSP_USB.o)
                0x000230f8                USB_setupCommand
 .text.USB_init
                0x00023200       0xd0 ./../Platform/BSP/debug/libBSP_efm32_debug.a(BSP_USB.o)
                0x00023200                USB_init
 .text.USB_receiveByte
                0x000232d0       0xa0 ./../Platform/BSP/debug/libBSP_efm32_debug.a(BSP_USB.o)
                0x000232d0                USB_receiveByte
 .text.RETARGET_WriteChar
                0x00023370       0x2c ./../Platform/BSP/debug/libBSP_efm32_debug.a(BSP_USB.o)
                0x00023370                RETARGET_WriteChar
 .text.USB_transmitData
                0x0002339c       0xc4 ./../Platform/BSP/debug/libBSP_efm32_debug.a(BSP_USB.o)
                0x0002339c                USB_transmitData
 .text.RETARGET_ReadChar
                0x00023460       0x24 ./../Platform/BSP/debug/libBSP_efm32_debug.a(BSP_USB.o)
                0x00023460                RETARGET_ReadChar
 .text.USB_callBackMapping
                0x00023484       0x38 ./../Platform/BSP/debug/libBSP_efm32_debug.a(BSP_USB.o)
                0x00023484                USB_callBackMapping
 .text.NVIC_EnableIRQ
                0x000234bc       0x38 ./../Platform/BSP/debug/libBSP_efm32_debug.a(BSP_DMA.o)
 .text.NVIC_ClearPendingIRQ
                0x000234f4       0x3c ./../Platform/BSP/debug/libBSP_efm32_debug.a(BSP_DMA.o)
 .text.NVIC_SetPriority
                0x00023530       0x5c ./../Platform/BSP/debug/libBSP_efm32_debug.a(BSP_DMA.o)
 .text.BSP_DMA_Initialize
                0x0002358c       0x88 ./../Platform/BSP/debug/libBSP_efm32_debug.a(BSP_DMA.o)
                0x0002358c                BSP_DMA_Initialize
 .text.BSP_DMA_Enable
                0x00023614       0x54 ./../Platform/BSP/debug/libBSP_efm32_debug.a(BSP_DMA.o)
                0x00023614                BSP_DMA_Enable
 .text.GPIO_IntClear
                0x00023668       0x20 ./../Platform/BSP/debug/libBSP_efm32_debug.a(BSP_IrqHandler.o)
 .text.GPIO_IntGetEnabled
                0x00023688       0x30 ./../Platform/BSP/debug/libBSP_efm32_debug.a(BSP_IrqHandler.o)
 .text.SysTick_Handler
                0x000236b8       0x40 ./../Platform/BSP/debug/libBSP_efm32_debug.a(BSP_IrqHandler.o)
                0x000236b8                SysTick_Handler
 .text.GPIO_EVEN_IRQHandler
                0x000236f8       0x28 ./../Platform/BSP/debug/libBSP_efm32_debug.a(BSP_IrqHandler.o)
                0x000236f8                GPIO_EVEN_IRQHandler
 .text.GPIO_ODD_IRQHandler
                0x00023720       0x28 ./../Platform/BSP/debug/libBSP_efm32_debug.a(BSP_IrqHandler.o)
                0x00023720                GPIO_ODD_IRQHandler
 .text.UART0_TX_IRQHandler
                0x00023748        0xc ./../Platform/BSP/debug/libBSP_efm32_debug.a(BSP_IrqHandler.o)
                0x00023748                UART0_TX_IRQHandler
 .text.UART0_RX_IRQHandler
                0x00023754        0xc ./../Platform/BSP/debug/libBSP_efm32_debug.a(BSP_IrqHandler.o)
                0x00023754                UART0_RX_IRQHandler
 .text.USART0_TX_IRQHandler
                0x00023760        0xc ./../Platform/BSP/debug/libBSP_efm32_debug.a(BSP_IrqHandler.o)
                0x00023760                USART0_TX_IRQHandler
 .text.USART0_RX_IRQHandler
                0x0002376c        0xc ./../Platform/BSP/debug/libBSP_efm32_debug.a(BSP_IrqHandler.o)
                0x0002376c                USART0_RX_IRQHandler
 .text.I2C0_IRQHandler
                0x00023778        0xc ./../Platform/BSP/debug/libBSP_efm32_debug.a(BSP_IrqHandler.o)
                0x00023778                I2C0_IRQHandler
 .text.I2C1_IRQHandler
                0x00023784        0xc ./../Platform/BSP/debug/libBSP_efm32_debug.a(BSP_IrqHandler.o)
                0x00023784                I2C1_IRQHandler
 .text.USART2_TX_IRQHandler
                0x00023790        0xc ./../Platform/BSP/debug/libBSP_efm32_debug.a(BSP_IrqHandler.o)
                0x00023790                USART2_TX_IRQHandler
 .text.USART2_RX_IRQHandler
                0x0002379c        0xc ./../Platform/BSP/debug/libBSP_efm32_debug.a(BSP_IrqHandler.o)
                0x0002379c                USART2_RX_IRQHandler
 .text.UART1_TX_IRQHandler
                0x000237a8        0xc ./../Platform/BSP/debug/libBSP_efm32_debug.a(BSP_IrqHandler.o)
                0x000237a8                UART1_TX_IRQHandler
 .text.UART1_RX_IRQHandler
                0x000237b4        0xc ./../Platform/BSP/debug/libBSP_efm32_debug.a(BSP_IrqHandler.o)
                0x000237b4                UART1_RX_IRQHandler
 .text.USART1_TX_IRQHandler
                0x000237c0        0xc ./../Platform/BSP/debug/libBSP_efm32_debug.a(BSP_IrqHandler.o)
                0x000237c0                USART1_TX_IRQHandler
 .text.USART1_RX_IRQHandler
                0x000237cc        0xc ./../Platform/BSP/debug/libBSP_efm32_debug.a(BSP_IrqHandler.o)
                0x000237cc                USART1_RX_IRQHandler
 .text.RTC_IRQHandler
                0x000237d8        0xc ./../Platform/BSP/debug/libBSP_efm32_debug.a(BSP_IrqHandler.o)
                0x000237d8                RTC_IRQHandler
 .text.IrqHandler_SysTickDummyHandler
                0x000237e4       0x10 ./../Platform/BSP/debug/libBSP_efm32_debug.a(BSP_IrqHandler.o)
                0x000237e4                IrqHandler_SysTickDummyHandler
 .text.BSP_ExtensionPort_I2cIsr
                0x000237f4       0x5c ./../Platform/BSP/debug/libBSP_efm32_debug.a(BSP_ExtensionPort.o)
                0x000237f4                BSP_ExtensionPort_I2cIsr
 .text.BSP_ExtensionPort_SpiRxIsr
                0x00023850       0x5c ./../Platform/BSP/debug/libBSP_efm32_debug.a(BSP_ExtensionPort.o)
                0x00023850                BSP_ExtensionPort_SpiRxIsr
 .text.BSP_ExtensionPort_SpiTxIsr
                0x000238ac       0x5c ./../Platform/BSP/debug/libBSP_efm32_debug.a(BSP_ExtensionPort.o)
                0x000238ac                BSP_ExtensionPort_SpiTxIsr
 .text.BSP_ExtensionPort_UARTRxIsr
                0x00023908       0x5c ./../Platform/BSP/debug/libBSP_efm32_debug.a(BSP_ExtensionPort.o)
                0x00023908                BSP_ExtensionPort_UARTRxIsr
 .text.BSP_ExtensionPort_UARTTxIsr
                0x00023964       0x5c ./../Platform/BSP/debug/libBSP_efm32_debug.a(BSP_ExtensionPort.o)
                0x00023964                BSP_ExtensionPort_UARTTxIsr
 .text.NVIC_EnableIRQ
                0x000239c0       0x38 ./../Platform/BSP/debug/libBSP_efm32_debug.a(BSP_WiFi_cc3100mod.o)
 .text.NVIC_DisableIRQ
                0x000239f8       0x3c ./../Platform/BSP/debug/libBSP_efm32_debug.a(BSP_WiFi_cc3100mod.o)
 .text.NVIC_ClearPendingIRQ
                0x00023a34       0x3c ./../Platform/BSP/debug/libBSP_efm32_debug.a(BSP_WiFi_cc3100mod.o)
 .text.NVIC_SetPriority
                0x00023a70       0x5c ./../Platform/BSP/debug/libBSP_efm32_debug.a(BSP_WiFi_cc3100mod.o)
 .text.GPIO_IntClear
                0x00023acc       0x20 ./../Platform/BSP/debug/libBSP_efm32_debug.a(BSP_WiFi_cc3100mod.o)
 .text.GPIO_IntDisable
                0x00023aec       0x34 ./../Platform/BSP/debug/libBSP_efm32_debug.a(BSP_WiFi_cc3100mod.o)
 .text.GPIO_IntEnable
                0x00023b20       0x30 ./../Platform/BSP/debug/libBSP_efm32_debug.a(BSP_WiFi_cc3100mod.o)
 .text.GPIO_PinOutClear
                0x00023b50       0x4c ./../Platform/BSP/debug/libBSP_efm32_debug.a(BSP_WiFi_cc3100mod.o)
 .text.GPIO_PinOutSet
                0x00023b9c       0x4c ./../Platform/BSP/debug/libBSP_efm32_debug.a(BSP_WiFi_cc3100mod.o)
 .text.Board_GPIOInterruptUnregisterCallback
                0x00023be8       0x20 ./../Platform/BSP/debug/libBSP_efm32_debug.a(BSP_WiFi_cc3100mod.o)
 .text.BSP_WiFi_CC3100MOD_Connect
                0x00023c08      0x1e8 ./../Platform/BSP/debug/libBSP_efm32_debug.a(BSP_WiFi_cc3100mod.o)
                0x00023c08                BSP_WiFi_CC3100MOD_Connect
 .text.BSP_WiFi_CC3100MOD_Enable
                0x00023df0      0x1a4 ./../Platform/BSP/debug/libBSP_efm32_debug.a(BSP_WiFi_cc3100mod.o)
                0x00023df0                BSP_WiFi_CC3100MOD_Enable
 .text.BSP_WiFi_CC3100MOD_Disable
                0x00023f94       0xb0 ./../Platform/BSP/debug/libBSP_efm32_debug.a(BSP_WiFi_cc3100mod.o)
                0x00023f94                BSP_WiFi_CC3100MOD_Disable
 .text.BSP_WiFi_CC3100MOD_GetSPIHandle
                0x00024044       0x14 ./../Platform/BSP/debug/libBSP_efm32_debug.a(BSP_WiFi_cc3100mod.o)
                0x00024044                BSP_WiFi_CC3100MOD_GetSPIHandle
 .text.BSP_WiFi_CC3100MOD_SetCSLow
                0x00024058       0x18 ./../Platform/BSP/debug/libBSP_efm32_debug.a(BSP_WiFi_cc3100mod.o)
                0x00024058                BSP_WiFi_CC3100MOD_SetCSLow
 .text.BSP_WiFi_CC3100MOD_SetCSHigh
                0x00024070       0x18 ./../Platform/BSP/debug/libBSP_efm32_debug.a(BSP_WiFi_cc3100mod.o)
                0x00024070                BSP_WiFi_CC3100MOD_SetCSHigh
 .text.WiFi_CC3100MOD_SPIRxISR
                0x00024088       0x28 ./../Platform/BSP/debug/libBSP_efm32_debug.a(BSP_WiFi_cc3100mod.o)
                0x00024088                WiFi_CC3100MOD_SPIRxISR
 .text.WiFi_CC3100MOD_SPITxISR
                0x000240b0       0x28 ./../Platform/BSP/debug/libBSP_efm32_debug.a(BSP_WiFi_cc3100mod.o)
                0x000240b0                WiFi_CC3100MOD_SPITxISR
 .text.WiFi_CC3100MOD_SPI_RxDMAComplete
                0x000240d8       0x38 ./../Platform/BSP/debug/libBSP_efm32_debug.a(BSP_WiFi_cc3100mod.o)
                0x000240d8                WiFi_CC3100MOD_SPI_RxDMAComplete
 .text.WiFi_CC3100MOD_SPI_TxDMAComplete
                0x00024110       0x38 ./../Platform/BSP/debug/libBSP_efm32_debug.a(BSP_WiFi_cc3100mod.o)
                0x00024110                WiFi_CC3100MOD_SPI_TxDMAComplete
 .text.WiFi_INT_InterruptCallback
                0x00024148       0x14 ./../Platform/BSP/debug/libBSP_efm32_debug.a(BSP_WiFi_cc3100mod.o)
 .text.BT_EM9301_UART_TxISR
                0x0002415c       0x28 ./../Platform/BSP/debug/libBSP_efm32_debug.a(BSP_BT_EM9301.o)
                0x0002415c                BT_EM9301_UART_TxISR
 .text.BT_EM9301_UART_RxISR
                0x00024184       0x28 ./../Platform/BSP/debug/libBSP_efm32_debug.a(BSP_BT_EM9301.o)
                0x00024184                BT_EM9301_UART_RxISR
 .text.SensorNode_I2CISR
                0x000241ac       0x28 ./../Platform/BSP/debug/libBSP_efm32_debug.a(BSP_SensorNode.o)
                0x000241ac                SensorNode_I2CISR
 .text.SDCard_SPIRxISR
                0x000241d4       0x28 ./../Platform/BSP/debug/libBSP_efm32_debug.a(BSP_SDCard.o)
                0x000241d4                SDCard_SPIRxISR
 .text.SDCard_SPITxISR
                0x000241fc       0x28 ./../Platform/BSP/debug/libBSP_efm32_debug.a(BSP_SDCard.o)
                0x000241fc                SDCard_SPITxISR
 .text.xTaskGenericCreate
                0x00024224      0x1d0 ./../Libraries/FreeRTOS/debug/libFreeRTOS_efm32_debug.a(tasks.o)
                0x00024224                xTaskGenericCreate
 .text.vTaskDelete
                0x000243f4      0x12c ./../Libraries/FreeRTOS/debug/libFreeRTOS_efm32_debug.a(tasks.o)
                0x000243f4                vTaskDelete
 .text.vTaskDelay
                0x00024520       0xac ./../Libraries/FreeRTOS/debug/libFreeRTOS_efm32_debug.a(tasks.o)
                0x00024520                vTaskDelay
 .text.vTaskStartScheduler
                0x000245cc       0xa0 ./../Libraries/FreeRTOS/debug/libFreeRTOS_efm32_debug.a(tasks.o)
                0x000245cc                vTaskStartScheduler
 .text.vTaskSuspendAll
                0x0002466c       0x24 ./../Libraries/FreeRTOS/debug/libFreeRTOS_efm32_debug.a(tasks.o)
                0x0002466c                vTaskSuspendAll
 .text.xTaskResumeAll
                0x00024690      0x180 ./../Libraries/FreeRTOS/debug/libFreeRTOS_efm32_debug.a(tasks.o)
                0x00024690                xTaskResumeAll
 .text.xTaskGetTickCount
                0x00024810       0x20 ./../Libraries/FreeRTOS/debug/libFreeRTOS_efm32_debug.a(tasks.o)
                0x00024810                xTaskGetTickCount
 .text.xTaskIncrementTick
                0x00024830      0x20c ./../Libraries/FreeRTOS/debug/libFreeRTOS_efm32_debug.a(tasks.o)
                0x00024830                xTaskIncrementTick
 .text.vTaskSwitchContext
                0x00024a3c      0x150 ./../Libraries/FreeRTOS/debug/libFreeRTOS_efm32_debug.a(tasks.o)
                0x00024a3c                vTaskSwitchContext
 .text.vTaskPlaceOnEventList
                0x00024b8c       0xc4 ./../Libraries/FreeRTOS/debug/libFreeRTOS_efm32_debug.a(tasks.o)
                0x00024b8c                vTaskPlaceOnEventList
 .text.vTaskPlaceOnEventListRestricted
                0x00024c50       0xc4 ./../Libraries/FreeRTOS/debug/libFreeRTOS_efm32_debug.a(tasks.o)
                0x00024c50                vTaskPlaceOnEventListRestricted
 .text.xTaskRemoveFromEventList
                0x00024d14       0xe8 ./../Libraries/FreeRTOS/debug/libFreeRTOS_efm32_debug.a(tasks.o)
                0x00024d14                xTaskRemoveFromEventList
 .text.vTaskSetTimeOutState
                0x00024dfc       0x44 ./../Libraries/FreeRTOS/debug/libFreeRTOS_efm32_debug.a(tasks.o)
                0x00024dfc                vTaskSetTimeOutState
 .text.xTaskCheckForTimeOut
                0x00024e40       0xc4 ./../Libraries/FreeRTOS/debug/libFreeRTOS_efm32_debug.a(tasks.o)
                0x00024e40                xTaskCheckForTimeOut
 .text.vTaskMissedYield
                0x00024f04       0x18 ./../Libraries/FreeRTOS/debug/libFreeRTOS_efm32_debug.a(tasks.o)
                0x00024f04                vTaskMissedYield
 .text.prvIdleTask
                0x00024f1c       0x10 ./../Libraries/FreeRTOS/debug/libFreeRTOS_efm32_debug.a(tasks.o)
 .text.prvInitialiseTCBVariables
                0x00024f2c       0xbc ./../Libraries/FreeRTOS/debug/libFreeRTOS_efm32_debug.a(tasks.o)
 .text.prvInitialiseTaskLists
                0x00024fe8       0xa4 ./../Libraries/FreeRTOS/debug/libFreeRTOS_efm32_debug.a(tasks.o)
 .text.prvCheckTasksWaitingTermination
                0x0002508c       0x9c ./../Libraries/FreeRTOS/debug/libFreeRTOS_efm32_debug.a(tasks.o)
 .text.prvAddCurrentTaskToDelayedList
                0x00025128       0x8c ./../Libraries/FreeRTOS/debug/libFreeRTOS_efm32_debug.a(tasks.o)
 .text.prvAllocateTCBAndStack
                0x000251b4       0x7c ./../Libraries/FreeRTOS/debug/libFreeRTOS_efm32_debug.a(tasks.o)
 .text.prvDeleteTCB
                0x00025230       0x20 ./../Libraries/FreeRTOS/debug/libFreeRTOS_efm32_debug.a(tasks.o)
 .text.prvResetNextTaskUnblockTime
                0x00025250       0x5c ./../Libraries/FreeRTOS/debug/libFreeRTOS_efm32_debug.a(tasks.o)
 .text.xTaskGetSchedulerState
                0x000252ac       0x48 ./../Libraries/FreeRTOS/debug/libFreeRTOS_efm32_debug.a(tasks.o)
                0x000252ac                xTaskGetSchedulerState
 .text.vTaskPriorityInherit
                0x000252f4      0x144 ./../Libraries/FreeRTOS/debug/libFreeRTOS_efm32_debug.a(tasks.o)
                0x000252f4                vTaskPriorityInherit
 .text.xTaskPriorityDisinherit
                0x00025438      0x13c ./../Libraries/FreeRTOS/debug/libFreeRTOS_efm32_debug.a(tasks.o)
                0x00025438                xTaskPriorityDisinherit
 .text.pvTaskIncrementMutexHeldCount
                0x00025574       0x38 ./../Libraries/FreeRTOS/debug/libFreeRTOS_efm32_debug.a(tasks.o)
                0x00025574                pvTaskIncrementMutexHeldCount
 .text.xTimerCreateTimerTask
                0x000255ac       0x78 ./../Libraries/FreeRTOS/debug/libFreeRTOS_efm32_debug.a(timers.o)
                0x000255ac                xTimerCreateTimerTask
 .text.xTimerCreate
                0x00025624       0x7c ./../Libraries/FreeRTOS/debug/libFreeRTOS_efm32_debug.a(timers.o)
                0x00025624                xTimerCreate
 .text.xTimerGenericCommand
                0x000256a0       0xac ./../Libraries/FreeRTOS/debug/libFreeRTOS_efm32_debug.a(timers.o)
                0x000256a0                xTimerGenericCommand
 .text.prvProcessExpiredTimer
                0x0002574c       0x88 ./../Libraries/FreeRTOS/debug/libFreeRTOS_efm32_debug.a(timers.o)
 .text.prvTimerTask
                0x000257d4       0x24 ./../Libraries/FreeRTOS/debug/libFreeRTOS_efm32_debug.a(timers.o)
 .text.prvProcessTimerOrBlockTask
                0x000257f8       0x78 ./../Libraries/FreeRTOS/debug/libFreeRTOS_efm32_debug.a(timers.o)
 .text.prvGetNextExpireTime
                0x00025870       0x54 ./../Libraries/FreeRTOS/debug/libFreeRTOS_efm32_debug.a(timers.o)
 .text.prvSampleTimeNow
                0x000258c4       0x4c ./../Libraries/FreeRTOS/debug/libFreeRTOS_efm32_debug.a(timers.o)
 .text.prvInsertTimerInActiveList
                0x00025910       0x94 ./../Libraries/FreeRTOS/debug/libFreeRTOS_efm32_debug.a(timers.o)
 .text.prvProcessReceivedCommands
                0x000259a4      0x174 ./../Libraries/FreeRTOS/debug/libFreeRTOS_efm32_debug.a(timers.o)
 .text.prvSwitchTimerLists
                0x00025b18       0xf0 ./../Libraries/FreeRTOS/debug/libFreeRTOS_efm32_debug.a(timers.o)
 .text.prvCheckForValidListAndQueue
                0x00025c08       0xb8 ./../Libraries/FreeRTOS/debug/libFreeRTOS_efm32_debug.a(timers.o)
 .text.pvTimerGetTimerID
                0x00025cc0       0x3c ./../Libraries/FreeRTOS/debug/libFreeRTOS_efm32_debug.a(timers.o)
                0x00025cc0                pvTimerGetTimerID
 .text.xTimerPendFunctionCallFromISR
                0x00025cfc       0x4c ./../Libraries/FreeRTOS/debug/libFreeRTOS_efm32_debug.a(timers.o)
                0x00025cfc                xTimerPendFunctionCallFromISR
 .text.pvPortMalloc
                0x00025d48      0x1e0 ./../Libraries/FreeRTOS/debug/libFreeRTOS_efm32_debug.a(heap_4.o)
                0x00025d48                pvPortMalloc
 .text.vPortFree
                0x00025f28       0xcc ./../Libraries/FreeRTOS/debug/libFreeRTOS_efm32_debug.a(heap_4.o)
                0x00025f28                vPortFree
 .text.prvHeapInit
                0x00025ff4       0xfc ./../Libraries/FreeRTOS/debug/libFreeRTOS_efm32_debug.a(heap_4.o)
 .text.prvInsertBlockIntoFreeList
                0x000260f0       0xbc ./../Libraries/FreeRTOS/debug/libFreeRTOS_efm32_debug.a(heap_4.o)
 .text.pxPortInitialiseStack
                0x000261ac       0x64 ./../Libraries/FreeRTOS/debug/libFreeRTOS_efm32_debug.a(port.o)
                0x000261ac                pxPortInitialiseStack
 .text.prvTaskExitError
                0x00026210       0x2c ./../Libraries/FreeRTOS/debug/libFreeRTOS_efm32_debug.a(port.o)
 .text.SVC_Handler
                0x0002623c       0x24 ./../Libraries/FreeRTOS/debug/libFreeRTOS_efm32_debug.a(port.o)
                0x0002623c                SVC_Handler
 .text.prvPortStartFirstTask
                0x00026260       0x20 ./../Libraries/FreeRTOS/debug/libFreeRTOS_efm32_debug.a(port.o)
 .text.xPortStartScheduler
                0x00026280      0x10c ./../Libraries/FreeRTOS/debug/libFreeRTOS_efm32_debug.a(port.o)
                0x00026280                xPortStartScheduler
 .text.vPortYield
                0x0002638c       0x20 ./../Libraries/FreeRTOS/debug/libFreeRTOS_efm32_debug.a(port.o)
                0x0002638c                vPortYield
 .text.vPortEnterCritical
                0x000263ac       0x58 ./../Libraries/FreeRTOS/debug/libFreeRTOS_efm32_debug.a(port.o)
                0x000263ac                vPortEnterCritical
 .text.vPortExitCritical
                0x00026404       0x54 ./../Libraries/FreeRTOS/debug/libFreeRTOS_efm32_debug.a(port.o)
                0x00026404                vPortExitCritical
 .text.ulPortSetInterruptMask
                0x00026458       0x14 ./../Libraries/FreeRTOS/debug/libFreeRTOS_efm32_debug.a(port.o)
                0x00026458                ulPortSetInterruptMask
 .text.vPortClearInterruptMask
                0x0002646c        0x8 ./../Libraries/FreeRTOS/debug/libFreeRTOS_efm32_debug.a(port.o)
                0x0002646c                vPortClearInterruptMask
 .text.PendSV_Handler
                0x00026474       0x44 ./../Libraries/FreeRTOS/debug/libFreeRTOS_efm32_debug.a(port.o)
                0x00026474                PendSV_Handler
 .text.xPortSysTickHandler
                0x000264b8       0x2c ./../Libraries/FreeRTOS/debug/libFreeRTOS_efm32_debug.a(port.o)
                0x000264b8                xPortSysTickHandler
 .text.vPortSetupTimerInterrupt
                0x000264e4       0x28 ./../Libraries/FreeRTOS/debug/libFreeRTOS_efm32_debug.a(port.o)
                0x000264e4                vPortSetupTimerInterrupt
 .text.vPortValidateInterruptPriority
                0x0002650c       0x78 ./../Libraries/FreeRTOS/debug/libFreeRTOS_efm32_debug.a(port.o)
                0x0002650c                vPortValidateInterruptPriority
 .text.vListInitialise
                0x00026584       0x40 ./../Libraries/FreeRTOS/debug/libFreeRTOS_efm32_debug.a(list.o)
                0x00026584                vListInitialise
 .text.vListInitialiseItem
                0x000265c4       0x1c ./../Libraries/FreeRTOS/debug/libFreeRTOS_efm32_debug.a(list.o)
                0x000265c4                vListInitialiseItem
 .text.vListInsertEnd
                0x000265e0       0x48 ./../Libraries/FreeRTOS/debug/libFreeRTOS_efm32_debug.a(list.o)
                0x000265e0                vListInsertEnd
 .text.vListInsert
                0x00026628       0x74 ./../Libraries/FreeRTOS/debug/libFreeRTOS_efm32_debug.a(list.o)
                0x00026628                vListInsert
 .text.uxListRemove
                0x0002669c       0x58 ./../Libraries/FreeRTOS/debug/libFreeRTOS_efm32_debug.a(list.o)
                0x0002669c                uxListRemove
 .text.xQueueGenericReset
                0x000266f4       0xc8 ./../Libraries/FreeRTOS/debug/libFreeRTOS_efm32_debug.a(queue.o)
                0x000266f4                xQueueGenericReset
 .text.xQueueGenericCreate
                0x000267bc       0xb8 ./../Libraries/FreeRTOS/debug/libFreeRTOS_efm32_debug.a(queue.o)
                0x000267bc                xQueueGenericCreate
 .text.xQueueCreateMutex
                0x00026874       0xb8 ./../Libraries/FreeRTOS/debug/libFreeRTOS_efm32_debug.a(queue.o)
                0x00026874                xQueueCreateMutex
 .text.xQueueGenericSend
                0x0002692c      0x1c8 ./../Libraries/FreeRTOS/debug/libFreeRTOS_efm32_debug.a(queue.o)
                0x0002692c                xQueueGenericSend
 .text.xQueueGenericSendFromISR
                0x00026af4      0x110 ./../Libraries/FreeRTOS/debug/libFreeRTOS_efm32_debug.a(queue.o)
                0x00026af4                xQueueGenericSendFromISR
 .text.xQueueGiveFromISR
                0x00026c04      0x108 ./../Libraries/FreeRTOS/debug/libFreeRTOS_efm32_debug.a(queue.o)
                0x00026c04                xQueueGiveFromISR
 .text.xQueueGenericReceive
                0x00026d0c      0x1e0 ./../Libraries/FreeRTOS/debug/libFreeRTOS_efm32_debug.a(queue.o)
                0x00026d0c                xQueueGenericReceive
 .text.vQueueDelete
                0x00026eec       0x38 ./../Libraries/FreeRTOS/debug/libFreeRTOS_efm32_debug.a(queue.o)
                0x00026eec                vQueueDelete
 .text.prvCopyDataToQueue
                0x00026f24       0xe8 ./../Libraries/FreeRTOS/debug/libFreeRTOS_efm32_debug.a(queue.o)
 .text.prvCopyDataFromQueue
                0x0002700c       0x50 ./../Libraries/FreeRTOS/debug/libFreeRTOS_efm32_debug.a(queue.o)
 .text.prvUnlockQueue
                0x0002705c       0xc0 ./../Libraries/FreeRTOS/debug/libFreeRTOS_efm32_debug.a(queue.o)
 .text.prvIsQueueEmpty
                0x0002711c       0x34 ./../Libraries/FreeRTOS/debug/libFreeRTOS_efm32_debug.a(queue.o)
 .text.prvIsQueueFull
                0x00027150       0x38 ./../Libraries/FreeRTOS/debug/libFreeRTOS_efm32_debug.a(queue.o)
 .text.vQueueAddToRegistry
                0x00027188       0x64 ./../Libraries/FreeRTOS/debug/libFreeRTOS_efm32_debug.a(queue.o)
                0x00027188                vQueueAddToRegistry
 .text.vQueueUnregisterQueue
                0x000271ec       0x54 ./../Libraries/FreeRTOS/debug/libFreeRTOS_efm32_debug.a(queue.o)
                0x000271ec                vQueueUnregisterQueue
 .text.vQueueWaitForMessageRestricted
                0x00027240       0x64 ./../Libraries/FreeRTOS/debug/libFreeRTOS_efm32_debug.a(queue.o)
                0x00027240                vQueueWaitForMessageRestricted
 .text.prvNotifyQueueSetContainer
                0x000272a4       0xa8 ./../Libraries/FreeRTOS/debug/libFreeRTOS_efm32_debug.a(queue.o)
 .text.ADC_Init
                0x0002734c       0x68 ./../Libraries/EMlib/debug/libEMLib_efm32_debug.a(em_adc.o)
                0x0002734c                ADC_Init
 .text.ADC_PrescaleCalc
                0x000273b4       0x78 ./../Libraries/EMlib/debug/libEMLib_efm32_debug.a(em_adc.o)
                0x000273b4                ADC_PrescaleCalc
 .text.ADC_TimebaseCalc
                0x0002742c       0x74 ./../Libraries/EMlib/debug/libEMLib_efm32_debug.a(em_adc.o)
                0x0002742c                ADC_TimebaseCalc
 .text.BITBAND_Peripheral
                0x000274a0       0x30 ./../Libraries/EMlib/debug/libEMLib_efm32_debug.a(em_cmu.o)
 .text.CMU_MaxFreqHfle
                0x000274d0       0xb8 ./../Libraries/EMlib/debug/libEMLib_efm32_debug.a(em_cmu.o)
 .text.CMU_FlashWaitStateMax
                0x00027588       0x68 ./../Libraries/EMlib/debug/libEMLib_efm32_debug.a(em_cmu.o)
 .text.CMU_DivToLog2
                0x000275f0       0x38 ./../Libraries/EMlib/debug/libEMLib_efm32_debug.a(em_cmu.o)
 .text.CMU_FlashWaitStateControl
                0x00027628       0xf4 ./../Libraries/EMlib/debug/libEMLib_efm32_debug.a(em_cmu.o)
 .text.CMU_USBCClkGet
                0x0002771c       0x50 ./../Libraries/EMlib/debug/libEMLib_efm32_debug.a(em_cmu.o)
 .text.CMU_AUXClkGet
                0x0002776c       0x9c ./../Libraries/EMlib/debug/libEMLib_efm32_debug.a(em_cmu.o)
 .text.CMU_DBGClkGet
                0x00027808       0x64 ./../Libraries/EMlib/debug/libEMLib_efm32_debug.a(em_cmu.o)
 .text.CMU_LFClkGet
                0x0002786c       0xd4 ./../Libraries/EMlib/debug/libEMLib_efm32_debug.a(em_cmu.o)
 .text.CMU_Sync
                0x00027940       0x3c ./../Libraries/EMlib/debug/libEMLib_efm32_debug.a(em_cmu.o)
 .text.CMU_ClockDivSet
                0x0002797c      0x298 ./../Libraries/EMlib/debug/libEMLib_efm32_debug.a(em_cmu.o)
                0x0002797c                CMU_ClockDivSet
 .text.CMU_ClockEnable
                0x00027c14      0x10c ./../Libraries/EMlib/debug/libEMLib_efm32_debug.a(em_cmu.o)
                0x00027c14                CMU_ClockEnable
 .text.CMU_ClockFreqGet
                0x00027d20      0x1e8 ./../Libraries/EMlib/debug/libEMLib_efm32_debug.a(em_cmu.o)
                0x00027d20                CMU_ClockFreqGet
 .text.CMU_ClockSelectGet
                0x00027f08      0x1a4 ./../Libraries/EMlib/debug/libEMLib_efm32_debug.a(em_cmu.o)
                0x00027f08                CMU_ClockSelectGet
 .text.CMU_ClockSelectSet
                0x000280ac      0x38c ./../Libraries/EMlib/debug/libEMLib_efm32_debug.a(em_cmu.o)
                0x000280ac                CMU_ClockSelectSet
 .text.CMU_OscillatorEnable
                0x00028438       0xe8 ./../Libraries/EMlib/debug/libEMLib_efm32_debug.a(em_cmu.o)
                0x00028438                CMU_OscillatorEnable
 .text.MSC_Init
                0x00028520      0x108 ./../Libraries/EMlib/debug/libEMLib_efm32_debug.a(em_msc.o)
                0x00028520                MSC_Init
 .text.MSC_Deinit
                0x00028628       0x30 ./../Libraries/EMlib/debug/libEMLib_efm32_debug.a(em_msc.o)
                0x00028628                MSC_Deinit
 .text.NVIC_DisableIRQ
                0x00028658       0x3c ./../Libraries/EMlib/debug/libEMLib_efm32_debug.a(em_dma.o)
 .text.BITBAND_Peripheral
                0x00028694       0x30 ./../Libraries/EMlib/debug/libEMLib_efm32_debug.a(em_dma.o)
 .text.DMA_Prepare
                0x000286c4      0x138 ./../Libraries/EMlib/debug/libEMLib_efm32_debug.a(em_dma.o)
 .text.DMA_IRQHandler
                0x000287fc      0x110 ./../Libraries/EMlib/debug/libEMLib_efm32_debug.a(em_dma.o)
                0x000287fc                DMA_IRQHandler
 .text.DMA_ActivateBasic
                0x0002890c       0x48 ./../Libraries/EMlib/debug/libEMLib_efm32_debug.a(em_dma.o)
                0x0002890c                DMA_ActivateBasic
 .text.DMA_CfgChannel
                0x00028954       0xc0 ./../Libraries/EMlib/debug/libEMLib_efm32_debug.a(em_dma.o)
                0x00028954                DMA_CfgChannel
 .text.DMA_CfgDescr
                0x00028a14       0x84 ./../Libraries/EMlib/debug/libEMLib_efm32_debug.a(em_dma.o)
                0x00028a14                DMA_CfgDescr
 .text.DMA_Reset
                0x00028a98       0xd4 ./../Libraries/EMlib/debug/libEMLib_efm32_debug.a(em_dma.o)
                0x00028a98                DMA_Reset
 .text.EMU_UpdateOscConfig
                0x00028b6c       0x20 ./../Libraries/EMlib/debug/libEMLib_efm32_debug.a(em_emu.o)
                0x00028b6c                EMU_UpdateOscConfig
 .text.BITBAND_Peripheral
                0x00028b8c       0x30 ./../Libraries/EMlib/debug/libEMLib_efm32_debug.a(em_gpio.o)
 .text.GPIO_DriveModeSet
                0x00028bbc       0x60 ./../Libraries/EMlib/debug/libEMLib_efm32_debug.a(em_gpio.o)
                0x00028bbc                GPIO_DriveModeSet
 .text.GPIO_IntConfig
                0x00028c1c       0xf4 ./../Libraries/EMlib/debug/libEMLib_efm32_debug.a(em_gpio.o)
                0x00028c1c                GPIO_IntConfig
 .text.GPIO_PinModeSet
                0x00028d10      0x1b8 ./../Libraries/EMlib/debug/libEMLib_efm32_debug.a(em_gpio.o)
                0x00028d10                GPIO_PinModeSet
 .text.BITBAND_Peripheral
                0x00028ec8       0x30 ./../Libraries/EMlib/debug/libEMLib_efm32_debug.a(em_i2c.o)
 .text.I2C_BusFreqSet
                0x00028ef8       0x94 ./../Libraries/EMlib/debug/libEMLib_efm32_debug.a(em_i2c.o)
                0x00028ef8                I2C_BusFreqSet
 .text.I2C_Init
                0x00028f8c       0x84 ./../Libraries/EMlib/debug/libEMLib_efm32_debug.a(em_i2c.o)
                0x00028f8c                I2C_Init
 .text.USART_BaudrateAsyncSet
                0x00029010       0xd0 ./../Libraries/EMlib/debug/libEMLib_efm32_debug.a(em_usart.o)
                0x00029010                USART_BaudrateAsyncSet
 .text.USART_BaudrateSyncSet
                0x000290e0       0x7c ./../Libraries/EMlib/debug/libEMLib_efm32_debug.a(em_usart.o)
                0x000290e0                USART_BaudrateSyncSet
 .text.USART_InitAsync
                0x0002915c       0xbc ./../Libraries/EMlib/debug/libEMLib_efm32_debug.a(em_usart.o)
                0x0002915c                USART_InitAsync
 .text.USART_Reset
                0x00029218       0xd8 ./../Libraries/EMlib/debug/libEMLib_efm32_debug.a(em_usart.o)
                0x00029218                USART_Reset
 .text.SYSTEM_ChipRevisionGet
                0x000292f0       0x94 ./../Libraries/EMlib/debug/libEMLib_efm32_debug.a(em_system.o)
                0x000292f0                SYSTEM_ChipRevisionGet
 .text.NVIC_EnableIRQ
                0x00029384       0x38 ./../Libraries/EMlib/debug/libEMLib_efm32_debug.a(em_usbd.o)
 .text.NVIC_ClearPendingIRQ
                0x000293bc       0x3c ./../Libraries/EMlib/debug/libEMLib_efm32_debug.a(em_usbd.o)
 .text.INT_Disable
                0x000293f8       0x40 ./../Libraries/EMlib/debug/libEMLib_efm32_debug.a(em_usbd.o)
 .text.INT_Enable
                0x00029438       0x54 ./../Libraries/EMlib/debug/libEMLib_efm32_debug.a(em_usbd.o)
 .text.USBHAL_DisableGlobalInt
                0x0002948c       0x34 ./../Libraries/EMlib/debug/libEMLib_efm32_debug.a(em_usbd.o)
 .text.USBHAL_EnableGlobalInt
                0x000294c0       0x34 ./../Libraries/EMlib/debug/libEMLib_efm32_debug.a(em_usbd.o)
 .text.USBDHAL_EnableUsbResetAndSuspendInt
                0x000294f4       0x38 ./../Libraries/EMlib/debug/libEMLib_efm32_debug.a(em_usbd.o)
 .text.USBDHAL_EpIsStalled
                0x0002952c       0x3c ./../Libraries/EMlib/debug/libEMLib_efm32_debug.a(em_usbd.o)
 .text.USBDHAL_GetStallStatusEp
                0x00029568       0xc0 ./../Libraries/EMlib/debug/libEMLib_efm32_debug.a(em_usbd.o)
 .text.USBDHAL_SetEp0InDmaPtr
                0x00029628       0x28 ./../Libraries/EMlib/debug/libEMLib_efm32_debug.a(em_usbd.o)
 .text.USBDHAL_SetEp0OutDmaPtr
                0x00029650       0x28 ./../Libraries/EMlib/debug/libEMLib_efm32_debug.a(em_usbd.o)
 .text.USBDHAL_StartEp0In
                0x00029678       0x5c ./../Libraries/EMlib/debug/libEMLib_efm32_debug.a(em_usbd.o)
 .text.USBDHAL_StartEp0Out
                0x000296d4       0x5c ./../Libraries/EMlib/debug/libEMLib_efm32_debug.a(em_usbd.o)
 .text.USBDHAL_StartEpIn
                0x00029730       0xc8 ./../Libraries/EMlib/debug/libEMLib_efm32_debug.a(em_usbd.o)
 .text.USBDHAL_StartEpOut
                0x000297f8       0xd4 ./../Libraries/EMlib/debug/libEMLib_efm32_debug.a(em_usbd.o)
 .text.USBD_ArmEp
                0x000298cc       0x28 ./../Libraries/EMlib/debug/libEMLib_efm32_debug.a(em_usbd.o)
 .text.USBD_ArmEp0
                0x000298f4       0x88 ./../Libraries/EMlib/debug/libEMLib_efm32_debug.a(em_usbd.o)
 .text.USBD_ArmEpN
                0x0002997c       0x28 ./../Libraries/EMlib/debug/libEMLib_efm32_debug.a(em_usbd.o)
 .text.USBD_GetEpFromAddr
                0x000299a4       0xa0 ./../Libraries/EMlib/debug/libEMLib_efm32_debug.a(em_usbd.o)
 .text.USBD_Disconnect
                0x00029a44       0x14 ./../Libraries/EMlib/debug/libEMLib_efm32_debug.a(em_usbd.o)
                0x00029a44                USBD_Disconnect
 .text.USBD_GetUsbState
                0x00029a58       0x1c ./../Libraries/EMlib/debug/libEMLib_efm32_debug.a(em_usbd.o)
                0x00029a58                USBD_GetUsbState
 .text.USBD_Init
                0x00029a74      0x4fc ./../Libraries/EMlib/debug/libEMLib_efm32_debug.a(em_usbd.o)
                0x00029a74                USBD_Init
 .text.USBD_Read
                0x00029f70      0x108 ./../Libraries/EMlib/debug/libEMLib_efm32_debug.a(em_usbd.o)
                0x00029f70                USBD_Read
 .text.USBD_SetUsbState
                0x0002a078       0x98 ./../Libraries/EMlib/debug/libEMLib_efm32_debug.a(em_usbd.o)
                0x0002a078                USBD_SetUsbState
 .text.USBD_Write
                0x0002a110      0x10c ./../Libraries/EMlib/debug/libEMLib_efm32_debug.a(em_usbd.o)
                0x0002a110                USBD_Write
 .text.NVIC_ClearPendingIRQ
                0x0002a21c       0x3c ./../Libraries/EMlib/debug/libEMLib_efm32_debug.a(em_usbhal.o)
 .text.INT_Disable
                0x0002a258       0x40 ./../Libraries/EMlib/debug/libEMLib_efm32_debug.a(em_usbhal.o)
 .text.INT_Enable
                0x0002a298       0x54 ./../Libraries/EMlib/debug/libEMLib_efm32_debug.a(em_usbhal.o)
 .text.USBHAL_FlushRxFifo
                0x0002a2ec       0x3c ./../Libraries/EMlib/debug/libEMLib_efm32_debug.a(em_usbhal.o)
 .text.USBHAL_FlushTxFifo
                0x0002a328       0x4c ./../Libraries/EMlib/debug/libEMLib_efm32_debug.a(em_usbhal.o)
 .text.USBDHAL_DeactivateEp
                0x0002a374       0x88 ./../Libraries/EMlib/debug/libEMLib_efm32_debug.a(em_usbhal.o)
 .text.USBDHAL_GetInEpInts
                0x0002a3fc       0x44 ./../Libraries/EMlib/debug/libEMLib_efm32_debug.a(em_usbhal.o)
 .text.USBDHAL_GetOutEpInts
                0x0002a440       0x44 ./../Libraries/EMlib/debug/libEMLib_efm32_debug.a(em_usbhal.o)
 .text.USBDHAL_SetEPDISNAK
                0x0002a484       0xac ./../Libraries/EMlib/debug/libEMLib_efm32_debug.a(em_usbhal.o)
 .text.USBD_GetEpFromAddr
                0x0002a530       0xa0 ./../Libraries/EMlib/debug/libEMLib_efm32_debug.a(em_usbhal.o)
 .text.USBHAL_CoreReset
                0x0002a5d0       0xbc ./../Libraries/EMlib/debug/libEMLib_efm32_debug.a(em_usbhal.o)
                0x0002a5d0                USBHAL_CoreReset
 .text.USBDHAL_CoreInit
                0x0002a68c      0x3ec ./../Libraries/EMlib/debug/libEMLib_efm32_debug.a(em_usbhal.o)
                0x0002a68c                USBDHAL_CoreInit
 .text.USBDHAL_Disconnect
                0x0002aa78       0x3c ./../Libraries/EMlib/debug/libEMLib_efm32_debug.a(em_usbhal.o)
                0x0002aa78                USBDHAL_Disconnect
 .text.USBDHAL_AbortAllEps
                0x0002aab4      0x53c ./../Libraries/EMlib/debug/libEMLib_efm32_debug.a(em_usbhal.o)
                0x0002aab4                USBDHAL_AbortAllEps
 .text.USBDHAL_AbortAllTransfers
                0x0002aff0       0xc8 ./../Libraries/EMlib/debug/libEMLib_efm32_debug.a(em_usbhal.o)
                0x0002aff0                USBDHAL_AbortAllTransfers
 .text.USBDHAL_ReenableEp0Setup
                0x0002b0b8       0x60 ./../Libraries/EMlib/debug/libEMLib_efm32_debug.a(em_usbdep.o)
 .text.USBDHAL_StallEp
                0x0002b118       0xcc ./../Libraries/EMlib/debug/libEMLib_efm32_debug.a(em_usbdep.o)
 .text.USBDHAL_StartEp0In
                0x0002b1e4       0x5c ./../Libraries/EMlib/debug/libEMLib_efm32_debug.a(em_usbdep.o)
 .text.USBDHAL_StartEp0Out
                0x0002b240       0x5c ./../Libraries/EMlib/debug/libEMLib_efm32_debug.a(em_usbdep.o)
 .text.USBD_GetEpFromAddr
                0x0002b29c       0xa0 ./../Libraries/EMlib/debug/libEMLib_efm32_debug.a(em_usbdep.o)
 .text.USBD_ReArmEp0
                0x0002b33c       0x64 ./../Libraries/EMlib/debug/libEMLib_efm32_debug.a(em_usbdep.o)
 .text.USBDEP_Ep0Handler
                0x0002b3a0      0x300 ./../Libraries/EMlib/debug/libEMLib_efm32_debug.a(em_usbdep.o)
                0x0002b3a0                USBDEP_Ep0Handler
 .text.USBDEP_EpHandler
                0x0002b6a0       0x60 ./../Libraries/EMlib/debug/libEMLib_efm32_debug.a(em_usbdep.o)
                0x0002b6a0                USBDEP_EpHandler
 .text.TIMER_CounterGet
                0x0002b700       0x18 ./../Libraries/EMlib/debug/libEMLib_efm32_debug.a(em_usbtimer.o)
 .text.TIMER_TopSet
                0x0002b718       0x1c ./../Libraries/EMlib/debug/libEMLib_efm32_debug.a(em_usbtimer.o)
 .text.DelayTicks
                0x0002b734       0x4c ./../Libraries/EMlib/debug/libEMLib_efm32_debug.a(em_usbtimer.o)
 .text.USBTIMER_DelayMs
                0x0002b780       0x84 ./../Libraries/EMlib/debug/libEMLib_efm32_debug.a(em_usbtimer.o)
                0x0002b780                USBTIMER_DelayMs
 .text.USBTIMER_DelayUs
                0x0002b804      0x124 ./../Libraries/EMlib/debug/libEMLib_efm32_debug.a(em_usbtimer.o)
                0x0002b804                USBTIMER_DelayUs
 .text.USBTIMER_Init
                0x0002b928      0x188 ./../Libraries/EMlib/debug/libEMLib_efm32_debug.a(em_usbtimer.o)
                0x0002b928                USBTIMER_Init
 .text.GetProdRev
                0x0002bab0       0x1c ./../Libraries/EMlib/debug/libEMLib_efm32_debug.a(system_efm32gg.o)
 .text.SystemCoreClockGet
                0x0002bacc       0x58 ./../Libraries/EMlib/debug/libEMLib_efm32_debug.a(system_efm32gg.o)
                0x0002bacc                SystemCoreClockGet
 .text.SystemHFClockGet
                0x0002bb24      0x110 ./../Libraries/EMlib/debug/libEMLib_efm32_debug.a(system_efm32gg.o)
                0x0002bb24                SystemHFClockGet
 .text.SystemHFXOClockGet
                0x0002bc34       0x18 ./../Libraries/EMlib/debug/libEMLib_efm32_debug.a(system_efm32gg.o)
                0x0002bc34                SystemHFXOClockGet
 .text.SystemInit
                0x0002bc4c        0xc ./../Libraries/EMlib/debug/libEMLib_efm32_debug.a(system_efm32gg.o)
                0x0002bc4c                SystemInit
 .text.SystemLFRCOClockGet
                0x0002bc58       0x10 ./../Libraries/EMlib/debug/libEMLib_efm32_debug.a(system_efm32gg.o)
                0x0002bc58                SystemLFRCOClockGet
 .text.SystemULFRCOClockGet
                0x0002bc68       0x10 ./../Libraries/EMlib/debug/libEMLib_efm32_debug.a(system_efm32gg.o)
                0x0002bc68                SystemULFRCOClockGet
 .text.SystemLFXOClockGet
                0x0002bc78       0x18 ./../Libraries/EMlib/debug/libEMLib_efm32_debug.a(system_efm32gg.o)
                0x0002bc78                SystemLFXOClockGet
 .text.TIMER_Init
                0x0002bc90      0x134 ./../Libraries/EMlib/debug/libEMLib_efm32_debug.a(em_timer.o)
                0x0002bc90                TIMER_Init
 .text.TIMER_InitCC
                0x0002bdc4       0xec ./../Libraries/EMlib/debug/libEMLib_efm32_debug.a(em_timer.o)
                0x0002bdc4                TIMER_InitCC
 .text.USBDHAL_ActivateEp
                0x0002beb0      0x148 ./../Libraries/EMlib/debug/libEMLib_efm32_debug.a(em_usbdch9.o)
 .text.USBDHAL_DeactivateEp
                0x0002bff8       0x88 ./../Libraries/EMlib/debug/libEMLib_efm32_debug.a(em_usbdch9.o)
 .text.USBDHAL_GetStallStatusEp
                0x0002c080       0xc0 ./../Libraries/EMlib/debug/libEMLib_efm32_debug.a(em_usbdch9.o)
 .text.USBDHAL_SetAddr
                0x0002c140       0x3c ./../Libraries/EMlib/debug/libEMLib_efm32_debug.a(em_usbdch9.o)
 .text.USBDHAL_StallEp
                0x0002c17c       0xcc ./../Libraries/EMlib/debug/libEMLib_efm32_debug.a(em_usbdch9.o)
 .text.USBDHAL_UnStallEp
                0x0002c248       0xe4 ./../Libraries/EMlib/debug/libEMLib_efm32_debug.a(em_usbdch9.o)
 .text.USBD_ActivateAllEps
                0x0002c32c       0x54 ./../Libraries/EMlib/debug/libEMLib_efm32_debug.a(em_usbdch9.o)
 .text.USBD_DeactivateAllEps
                0x0002c380       0x68 ./../Libraries/EMlib/debug/libEMLib_efm32_debug.a(em_usbdch9.o)
 .text.USBD_GetEpFromAddr
                0x0002c3e8       0xa0 ./../Libraries/EMlib/debug/libEMLib_efm32_debug.a(em_usbdch9.o)
 .text.USBDCH9_SetupCmd
                0x0002c488       0xec ./../Libraries/EMlib/debug/libEMLib_efm32_debug.a(em_usbdch9.o)
                0x0002c488                USBDCH9_SetupCmd
 .text.ClearFeature
                0x0002c574       0xcc ./../Libraries/EMlib/debug/libEMLib_efm32_debug.a(em_usbdch9.o)
 .text.GetConfiguration
                0x0002c640       0xb8 ./../Libraries/EMlib/debug/libEMLib_efm32_debug.a(em_usbdch9.o)
 .text.GetDescriptor
                0x0002c6f8      0x10c ./../Libraries/EMlib/debug/libEMLib_efm32_debug.a(em_usbdch9.o)
 .text.GetInterface
                0x0002c804       0x94 ./../Libraries/EMlib/debug/libEMLib_efm32_debug.a(em_usbdch9.o)
 .text.GetStatus
                0x0002c898      0x1b4 ./../Libraries/EMlib/debug/libEMLib_efm32_debug.a(em_usbdch9.o)
 .text.SetAddress
                0x0002ca4c       0xb4 ./../Libraries/EMlib/debug/libEMLib_efm32_debug.a(em_usbdch9.o)
 .text.SetConfiguration
                0x0002cb00      0x10c ./../Libraries/EMlib/debug/libEMLib_efm32_debug.a(em_usbdch9.o)
 .text.SetFeature
                0x0002cc0c      0x100 ./../Libraries/EMlib/debug/libEMLib_efm32_debug.a(em_usbdch9.o)
 .text.SetInterface
                0x0002cd0c       0x68 ./../Libraries/EMlib/debug/libEMLib_efm32_debug.a(em_usbdch9.o)
 .text.Retcode_Initialize
                0x0002cd74       0x60 ./../Platform/Essentials/release/libEssentials_efm32.a(Retcode.o)
                0x0002cd74                Retcode_Initialize
 .text.Retcode_RaiseError
                0x0002cdd4       0x24 ./../Platform/Essentials/release/libEssentials_efm32.a(Retcode.o)
                0x0002cdd4                Retcode_RaiseError
 .text.Retcode_RaiseErrorFromIsr
                0x0002cdf8       0x24 ./../Platform/Essentials/release/libEssentials_efm32.a(Retcode.o)
                0x0002cdf8                Retcode_RaiseErrorFromIsr
 .text.RTC_IntClear
                0x0002ce1c       0x20 ./../Platform/Essentials/release/libEssentials_efm32.a(Timer.o)
 .text.RTC_IntDisable
                0x0002ce3c       0x30 ./../Platform/Essentials/release/libEssentials_efm32.a(Timer.o)
 .text.RTC_IntGet
                0x0002ce6c       0x18 ./../Platform/Essentials/release/libEssentials_efm32.a(Timer.o)
 .text.TIMER_IntClear
                0x0002ce84       0x1c ./../Platform/Essentials/release/libEssentials_efm32.a(Timer.o)
 .text.TIMER_IntDisable
                0x0002cea0       0x24 ./../Platform/Essentials/release/libEssentials_efm32.a(Timer.o)
 .text.TIMER_IntGet
                0x0002cec4       0x18 ./../Platform/Essentials/release/libEssentials_efm32.a(Timer.o)
 .text.LETIMER_IntClear
                0x0002cedc       0x1c ./../Platform/Essentials/release/libEssentials_efm32.a(Timer.o)
 .text.LETIMER_IntDisable
                0x0002cef8       0x24 ./../Platform/Essentials/release/libEssentials_efm32.a(Timer.o)
 .text.LETIMER_IntGet
                0x0002cf1c       0x18 ./../Platform/Essentials/release/libEssentials_efm32.a(Timer.o)
 .text.MCU_Timer_Initialize
                0x0002cf34       0xe4 ./../Platform/Essentials/release/libEssentials_efm32.a(Timer.o)
                0x0002cf34                MCU_Timer_Initialize
 .text.MCU_Timer_Callback
                0x0002d018       0x5c ./../Platform/Essentials/release/libEssentials_efm32.a(Timer.o)
                0x0002d018                MCU_Timer_Callback
 .text.ValidateTimerHandle
                0x0002d074       0x40 ./../Platform/Essentials/release/libEssentials_efm32.a(Timer.o)
 .text.getTimerEvent
                0x0002d0b4       0xc8 ./../Platform/Essentials/release/libEssentials_efm32.a(Timer.o)
 .text.extractFlags_RTC
                0x0002d17c       0x9c ./../Platform/Essentials/release/libEssentials_efm32.a(Timer.o)
 .text.extractFlags_LETIMER
                0x0002d218       0x9c ./../Platform/Essentials/release/libEssentials_efm32.a(Timer.o)
 .text.extractFlags_TIMER
                0x0002d2b4       0xd0 ./../Platform/Essentials/release/libEssentials_efm32.a(Timer.o)
 .text.MCU_Timer_GetRtcHandle
                0x0002d384       0x14 ./../Platform/Essentials/release/libEssentials_efm32.a(Timer.o)
                0x0002d384                MCU_Timer_GetRtcHandle
 .text.MCU_Timer_HandleRtcIrq
                0x0002d398       0x14 ./../Platform/Essentials/release/libEssentials_efm32.a(Timer.o)
                0x0002d398                MCU_Timer_HandleRtcIrq
 .text.CmdProcessor_Initialize
                0x0002d3ac       0xe0 ./../Platform/Utils/release/libUtils_efm32.a(CmdProcessor.o)
                0x0002d3ac                CmdProcessor_Initialize
 .text.CmdProcessor_Enqueue
                0x0002d48c       0x74 ./../Platform/Utils/release/libUtils_efm32.a(CmdProcessor.o)
                0x0002d48c                CmdProcessor_Enqueue
 .text.Run      0x0002d500       0x14 ./../Platform/Utils/release/libUtils_efm32.a(CmdProcessor.o)
 .text.Dequeue  0x0002d514       0x80 ./../Platform/Utils/release/libUtils_efm32.a(CmdProcessor.o)
 .text.NVM_Initialize
                0x0002d594       0x4c ./../Platform/Drivers/release/libDrivers_efm32.a(BCDS_NVM.o)
                0x0002d594                NVM_Initialize
 .text.objectConsistencyCheck
                0x0002d5e0       0x58 ./../Platform/Drivers/release/libDrivers_efm32.a(BCDS_NVM.o)
 .text.NVM_Read
                0x0002d638       0x7c ./../Platform/Drivers/release/libDrivers_efm32.a(BCDS_NVM.o)
                0x0002d638                NVM_Read
 .text.itemConsistencyCheck
                0x0002d6b4       0x50 ./../Platform/Drivers/release/libDrivers_efm32.a(BCDS_NVM.o)
 .text.NVM_Write
                0x0002d704       0x94 ./../Platform/Drivers/release/libDrivers_efm32.a(BCDS_NVM.o)
                0x0002d704                NVM_Write
 .text.NVM_Flush
                0x0002d798       0x9c ./../Platform/Drivers/release/libDrivers_efm32.a(BCDS_NVM.o)
                0x0002d798                NVM_Flush
 .text.sectionUpdateRequired
                0x0002d834       0x8c ./../Platform/Drivers/release/libDrivers_efm32.a(BCDS_NVM.o)
 .text.NVM_ReadUInt8
                0x0002d8c0       0x40 ./../Platform/Drivers/release/libDrivers_efm32.a(BCDS_NVM.o)
                0x0002d8c0                NVM_ReadUInt8
 .text.NVM_WriteUInt8
                0x0002d900       0x40 ./../Platform/Drivers/release/libDrivers_efm32.a(BCDS_NVM.o)
                0x0002d900                NVM_WriteUInt8
 .text.isLittleEndianPlatform
                0x0002d940       0x30 ./../Platform/Drivers/release/libDrivers_efm32.a(BCDS_NVM.o)
 .text.NVM_IsEndiannessDifferent
                0x0002d970       0x54 ./../Platform/Drivers/release/libDrivers_efm32.a(BCDS_NVM.o)
 .text.NVM_SwapBytes
                0x0002d9c4       0xc4 ./../Platform/Drivers/release/libDrivers_efm32.a(BCDS_NVM.o)
 .text.NetworkConfig_SlNetAppEvtHdlr
                0x0002da88       0xa0 ./../Platform/Wlan/release/libWlan_efm32.a(NetworkConfig.o)
                0x0002da88                NetworkConfig_SlNetAppEvtHdlr
 .text.NetworkConfig_GetIpStatus
                0x0002db28       0x18 ./../Platform/Wlan/release/libWlan_efm32.a(NetworkConfig.o)
                0x0002db28                NetworkConfig_GetIpStatus
 .text.NetworkConfig_SetIpStatus
                0x0002db40       0x20 ./../Platform/Wlan/release/libWlan_efm32.a(NetworkConfig.o)
                0x0002db40                NetworkConfig_SetIpStatus
 .text.NetworkConfig_SetIpDhcp
                0x0002db60       0xac ./../Platform/Wlan/release/libWlan_efm32.a(NetworkConfig.o)
                0x0002db60                NetworkConfig_SetIpDhcp
 .text.NetworkConfig_GetIpAddress
                0x0002dc0c       0x78 ./../Platform/Wlan/release/libWlan_efm32.a(NetworkConfig.o)
                0x0002dc0c                NetworkConfig_GetIpAddress
 .text.connectNonBlockingCall
                0x0002dc84      0x184 ./../Platform/Wlan/release/libWlan_efm32.a(WlanConnect.o)
 .text.connectBlockingCall
                0x0002de08       0xb8 ./../Platform/Wlan/release/libWlan_efm32.a(WlanConnect.o)
 .text.WlanConnect_SlGeneralEventHdlr
                0x0002dec0       0xa8 ./../Platform/Wlan/release/libWlan_efm32.a(WlanConnect.o)
                0x0002dec0                WlanConnect_SlGeneralEventHdlr
 .text.WlanConnect_SLWlanEventHdlr
                0x0002df68       0x5c ./../Platform/Wlan/release/libWlan_efm32.a(WlanConnect.o)
                0x0002df68                WlanConnect_SLWlanEventHdlr
 .text.WlanConnect_GetInitStatus
                0x0002dfc4       0x18 ./../Platform/Wlan/release/libWlan_efm32.a(WlanConnect.o)
                0x0002dfc4                WlanConnect_GetInitStatus
 .text.WlanConnect_Init
                0x0002dfdc       0xd0 ./../Platform/Wlan/release/libWlan_efm32.a(WlanConnect.o)
                0x0002dfdc                WlanConnect_Init
 .text.NonBlockingTimer
                0x0002e0ac       0xa0 ./../Platform/Wlan/release/libWlan_efm32.a(WlanConnect.o)
 .text.WlanConnect_WPA
                0x0002e14c       0xc4 ./../Platform/Wlan/release/libWlan_efm32.a(WlanConnect.o)
                0x0002e14c                WlanConnect_WPA
 .text.OsTime2Tick
                0x0002e210       0x44 ./../Platform/Wlan/release/libWlan_efm32.a(WlanDriver.o)
 .text.spiEventsCallbackFunc
                0x0002e254       0xd8 ./../Platform/Wlan/release/libWlan_efm32.a(WlanDriver.o)
 .text.CreateSpawnQAndTask
                0x0002e32c       0x98 ./../Platform/Wlan/release/libWlan_efm32.a(WlanDriver.o)
 .text.WifiInterruptCallback
                0x0002e3c4       0x24 ./../Platform/Wlan/release/libWlan_efm32.a(WlanDriver.o)
 .text.WlanDriver_Init
                0x0002e3e8       0xa8 ./../Platform/Wlan/release/libWlan_efm32.a(WlanDriver.o)
                0x0002e3e8                WlanDriver_Init
 .text.WlanDriver_RegInterruptHdlr
                0x0002e490       0x34 ./../Platform/Wlan/release/libWlan_efm32.a(WlanDriver.o)
                0x0002e490                WlanDriver_RegInterruptHdlr
 .text.WlanDriver_SlHttpServerCb
                0x0002e4c4       0x14 ./../Platform/Wlan/release/libWlan_efm32.a(WlanDriver.o)
                0x0002e4c4                WlanDriver_SlHttpServerCb
 .text.WlanDriver_DeviceDisable
                0x0002e4d8       0x10 ./../Platform/Wlan/release/libWlan_efm32.a(WlanDriver.o)
                0x0002e4d8                WlanDriver_DeviceDisable
 .text.WlanDriver_DeviceEnable
                0x0002e4e8       0x18 ./../Platform/Wlan/release/libWlan_efm32.a(WlanDriver.o)
                0x0002e4e8                WlanDriver_DeviceEnable
 .text.WlanDriver_SpiClose
                0x0002e500       0x38 ./../Platform/Wlan/release/libWlan_efm32.a(WlanDriver.o)
                0x0002e500                WlanDriver_SpiClose
 .text.WlanDriver_SpiOpen
                0x0002e538       0x54 ./../Platform/Wlan/release/libWlan_efm32.a(WlanDriver.o)
                0x0002e538                WlanDriver_SpiOpen
 .text.WlanDriver_SpiWrite
                0x0002e58c       0x9c ./../Platform/Wlan/release/libWlan_efm32.a(WlanDriver.o)
                0x0002e58c                WlanDriver_SpiWrite
 .text.WlanDriver_SpiRead
                0x0002e628       0x9c ./../Platform/Wlan/release/libWlan_efm32.a(WlanDriver.o)
                0x0002e628                WlanDriver_SpiRead
 .text.WlanDriver_OsSyncObjectCreate
                0x0002e6c4       0x3c ./../Platform/Wlan/release/libWlan_efm32.a(WlanDriver.o)
                0x0002e6c4                WlanDriver_OsSyncObjectCreate
 .text.WlanDriver_OsSyncObjectDelete
                0x0002e700       0x30 ./../Platform/Wlan/release/libWlan_efm32.a(WlanDriver.o)
                0x0002e700                WlanDriver_OsSyncObjectDelete
 .text.WlanDriver_OsSyncObjectSignal
                0x0002e730       0x3c ./../Platform/Wlan/release/libWlan_efm32.a(WlanDriver.o)
                0x0002e730                WlanDriver_OsSyncObjectSignal
 .text.WlanDriver_OsSyncSignalFromISR
                0x0002e76c       0x54 ./../Platform/Wlan/release/libWlan_efm32.a(WlanDriver.o)
                0x0002e76c                WlanDriver_OsSyncSignalFromISR
 .text.WlanDriver_OsSyncObjectWait
                0x0002e7c0       0x4c ./../Platform/Wlan/release/libWlan_efm32.a(WlanDriver.o)
                0x0002e7c0                WlanDriver_OsSyncObjectWait
 .text.WlanDriver_OsLockObjectCreate
                0x0002e80c       0x34 ./../Platform/Wlan/release/libWlan_efm32.a(WlanDriver.o)
                0x0002e80c                WlanDriver_OsLockObjectCreate
 .text.WlanDriver_OsLockObjectDelete
                0x0002e840       0x2c ./../Platform/Wlan/release/libWlan_efm32.a(WlanDriver.o)
                0x0002e840                WlanDriver_OsLockObjectDelete
 .text.WlanDriver_OsLockObjectWait
                0x0002e86c       0x4c ./../Platform/Wlan/release/libWlan_efm32.a(WlanDriver.o)
                0x0002e86c                WlanDriver_OsLockObjectWait
 .text.WlanDriver_OsLockUnlock
                0x0002e8b8       0x44 ./../Platform/Wlan/release/libWlan_efm32.a(WlanDriver.o)
                0x0002e8b8                WlanDriver_OsLockUnlock
 .text.WlanDriver_SimpleLinkSpawnTask
                0x0002e8fc       0x60 ./../Platform/Wlan/release/libWlan_efm32.a(WlanDriver.o)
                0x0002e8fc                WlanDriver_SimpleLinkSpawnTask
 .text.WlanDriver_OsiSpawn
                0x0002e95c       0xa4 ./../Platform/Wlan/release/libWlan_efm32.a(WlanDriver.o)
                0x0002e95c                WlanDriver_OsiSpawn
 .text.BlePeripheral_SetMacAddress
                0x0002ea00       0x40 ./../Platform/BLE/release/libBLE_efm32.a(BlePeripheral.o)
                0x0002ea00                BlePeripheral_SetMacAddress
 .text.Ip_convertAddrToString
                0x0002ea40       0x60 ./../Platform/ServalPAL/release/libServalPal_efm32.a(PalIp.o)
                0x0002ea40                Ip_convertAddrToString
 .text.Ip_convertIntToPort
                0x0002eaa0       0x20 ./../Platform/ServalPAL/release/libServalPal_efm32.a(PalIp.o)
                0x0002eaa0                Ip_convertIntToPort
 .text.Ip_convertPortToInt
                0x0002eac0       0x20 ./../Platform/ServalPAL/release/libServalPal_efm32.a(PalIp.o)
                0x0002eac0                Ip_convertPortToInt
 .text.Ip_compareAddr
                0x0002eae0       0x3c ./../Platform/ServalPAL/release/libServalPal_efm32.a(PalIp.o)
                0x0002eae0                Ip_compareAddr
 .text.ServalPal_Initialize
                0x0002eb1c       0x34 ./../Platform/ServalPAL/release/libServalPal_efm32.a(ServalPal.o)
                0x0002eb1c                ServalPal_Initialize
 .text.Callable_isAssigned
                0x0002eb50       0x34 ./../Platform/ServalPAL/release/libServalPal_efm32.a(PalScheduler.o)
 .text.schedulerDispatch
                0x0002eb84       0x7c ./../Platform/ServalPAL/release/libServalPal_efm32.a(PalScheduler.o)
 .text.PalScheduler_initialize
                0x0002ec00       0x3c ./../Platform/ServalPAL/release/libServalPal_efm32.a(PalScheduler.o)
                0x0002ec00                PalScheduler_initialize
 .text.Scheduler_enqueue
                0x0002ec3c       0x68 ./../Platform/ServalPAL/release/libServalPal_efm32.a(PalScheduler.o)
                0x0002ec3c                Scheduler_enqueue
 .text.ServalPalWiFiAdapter_Init
                0x0002eca4       0x30 ./../Platform/ServalPAL/release/libServalPal_efm32.a(ServalPalWiFiAdapter.o)
                0x0002eca4                ServalPalWiFiAdapter_Init
 .text.Callable_isAssigned
                0x0002ecd4       0x34 ./../Platform/ServalPAL/release/libServalPal_efm32.a(ServalPalWiFiTcpAdapter.o)
 .text.WiFiTcpSocketCallback
                0x0002ed08       0x68 ./../Platform/ServalPAL/release/libServalPal_efm32.a(ServalPalWiFiTcpAdapter.o)
 .text.ServalPalWiFiTcpAdapter_Init
                0x0002ed70       0x44 ./../Platform/ServalPAL/release/libServalPal_efm32.a(ServalPalWiFiTcpAdapter.o)
                0x0002ed70                ServalPalWiFiTcpAdapter_Init
 .text.Tcp_connect
                0x0002edb4      0x100 ./../Platform/ServalPAL/release/libServalPal_efm32.a(ServalPalWiFiTcpAdapter.o)
                0x0002edb4                Tcp_connect
 .text.Tcp_getSocketStatus
                0x0002eeb4       0x48 ./../Platform/ServalPAL/release/libServalPal_efm32.a(ServalPalWiFiTcpAdapter.o)
                0x0002eeb4                Tcp_getSocketStatus
 .text.Tcp_close
                0x0002eefc       0x6c ./../Platform/ServalPAL/release/libServalPal_efm32.a(ServalPalWiFiTcpAdapter.o)
                0x0002eefc                Tcp_close
 .text.Tcp_delete
                0x0002ef68       0x6c ./../Platform/ServalPAL/release/libServalPal_efm32.a(ServalPalWiFiTcpAdapter.o)
                0x0002ef68                Tcp_delete
 .text.Tcp_getPeerName
                0x0002efd4       0x54 ./../Platform/ServalPAL/release/libServalPal_efm32.a(ServalPalWiFiTcpAdapter.o)
                0x0002efd4                Tcp_getPeerName
 .text.Tcp_send
                0x0002f028       0x70 ./../Platform/ServalPAL/release/libServalPal_efm32.a(ServalPalWiFiTcpAdapter.o)
                0x0002f028                Tcp_send
 .text.Tcp_receive
                0x0002f098       0x48 ./../Platform/ServalPAL/release/libServalPal_efm32.a(ServalPalWiFiTcpAdapter.o)
                0x0002f098                Tcp_receive
 .text.Tcp_isValidSocket
                0x0002f0e0       0x3c ./../Platform/ServalPAL/release/libServalPal_efm32.a(ServalPalWiFiTcpAdapter.o)
                0x0002f0e0                Tcp_isValidSocket
 .text.Tcp_getInvalidSocket
                0x0002f11c       0x10 ./../Platform/ServalPAL/release/libServalPal_efm32.a(ServalPalWiFiTcpAdapter.o)
                0x0002f11c                Tcp_getInvalidSocket
 .text.Tcp_prepareForSending
                0x0002f12c       0xe0 ./../Platform/ServalPAL/release/libServalPal_efm32.a(ServalPalWiFiTcpAdapter.o)
                0x0002f12c                Tcp_prepareForSending
 .text.Tcp_retrySendingLater
                0x0002f20c       0x48 ./../Platform/ServalPAL/release/libServalPal_efm32.a(ServalPalWiFiTcpAdapter.o)
                0x0002f20c                Tcp_retrySendingLater
 .text.Callable_assign
                0x0002f254       0x20 ./../Platform/ServalPAL/release/libServalPal_efm32.a(ServalPalWiFiAdapterSocket.o)
 .text.GiveSocketMutex
                0x0002f274       0x34 ./../Platform/ServalPAL/release/libServalPal_efm32.a(ServalPalWiFiAdapterSocket.o)
 .text.IsValidSocketHandle
                0x0002f2a8       0x50 ./../Platform/ServalPAL/release/libServalPal_efm32.a(ServalPalWiFiAdapterSocket.o)
 .text.ServalPalWiFiAdapterSocket_Init
                0x0002f2f8       0xc0 ./../Platform/ServalPAL/release/libServalPal_efm32.a(ServalPalWiFiAdapterSocket.o)
                0x0002f2f8                ServalPalWiFiAdapterSocket_Init
 .text.ServalPalWiFiAdapterSocket_Occupy
                0x0002f3b8       0xd0 ./../Platform/ServalPAL/release/libServalPal_efm32.a(ServalPalWiFiAdapterSocket.o)
                0x0002f3b8                ServalPalWiFiAdapterSocket_Occupy
 .text.ServalPalWiFiAdapterSocket_Free
                0x0002f488       0x88 ./../Platform/ServalPAL/release/libServalPal_efm32.a(ServalPalWiFiAdapterSocket.o)
                0x0002f488                ServalPalWiFiAdapterSocket_Free
 .text.ServalPalWiFiAdapterSocket_IsOccupied
                0x0002f510       0x40 ./../Platform/ServalPAL/release/libServalPal_efm32.a(ServalPalWiFiAdapterSocket.o)
                0x0002f510                ServalPalWiFiAdapterSocket_IsOccupied
 .text.Retcode_GetCode
                0x0002f550       0x20 ./../Platform/ServalPAL/release/libServalPal_efm32.a(ServalPalWiFi.o)
 .text.ServalPalWiFiSocketMonitor
                0x0002f570      0x144 ./../Platform/ServalPAL/release/libServalPal_efm32.a(ServalPalWiFi.o)
 .text.ServalPalWiFiSocketMonitorInit
                0x0002f6b4       0xe8 ./../Platform/ServalPAL/release/libServalPal_efm32.a(ServalPalWiFi.o)
 .text.ServalPalWiFi_Init
                0x0002f79c       0x3c ./../Platform/ServalPAL/release/libServalPal_efm32.a(ServalPalWiFi.o)
                0x0002f79c                ServalPalWiFi_Init
 .text.ServalPalWiFi_NotifyWiFiEvent
                0x0002f7d8      0x100 ./../Platform/ServalPAL/release/libServalPal_efm32.a(ServalPalWiFi.o)
                0x0002f7d8                ServalPalWiFi_NotifyWiFiEvent
 .text.Callable_assign
                0x0002f8d8       0x20 ./../Platform/ServalPAL/release/libServalPal_efm32.a(HttpClient.o)
 .text.Msg_setProtocol
                0x0002f8f8       0x1c ./../Platform/ServalPAL/release/libServalPal_efm32.a(HttpClient.o)
 .text.Msg_getTcpMsg
                0x0002f914       0x18 ./../Platform/ServalPAL/release/libServalPal_efm32.a(HttpClient.o)
 .text.TcpMsg_open
                0x0002f92c       0x24 ./../Platform/ServalPAL/release/libServalPal_efm32.a(HttpClient.o)
 .text.TcpMsg_getFactory
                0x0002f950       0x20 ./../Platform/ServalPAL/release/libServalPal_efm32.a(HttpClient.o)
 .text.Msg_getHttpMsg
                0x0002f970       0x18 ./../Platform/ServalPAL/release/libServalPal_efm32.a(HttpClient.o)
 .text.HttpMsg_callUpperLayer
                0x0002f988       0x28 ./../Platform/ServalPAL/release/libServalPal_efm32.a(HttpClient.o)
 .text.HttpMsg_setUpperLayerCallback
                0x0002f9b0       0x20 ./../Platform/ServalPAL/release/libServalPal_efm32.a(HttpClient.o)
 .text.ExceptionInCallback
                0x0002f9d0       0x20 ./../Platform/ServalPAL/release/libServalPal_efm32.a(HttpClient.o)